Resolving dependencies...
Downloading packages...
  _fe_analyzer_shared 93.0.0 (97.0.0 available)
  analyzer 10.0.1 (11.0.0 available)
  build_config 1.2.0 (1.3.0 available)
  build_daemon 4.0.4 (4.1.1 available)
  built_value 8.12.3 (8.12.4 available)
  characters 1.4.0 (1.4.1 available)
  checked_yaml 2.0.3 (2.0.4 available)
  code_builder 4.10.1 (4.11.1 available)
  crypto 3.0.6 (3.0.7 available)
  dart_style 3.1.5 (3.1.6 available)
  ffi 2.1.4 (2.2.0 available)
  json_annotation 4.9.0 (4.11.0 available)
  leak_tracker 11.0.1 (11.0.2 available)
  matcher 0.12.17 (0.12.19 available)
  material_color_utilities 0.11.1 (0.13.0 available)
  meta 1.17.0 (1.18.1 available)
  pool 1.5.1 (1.5.2 available)
  shared_preferences 2.5.3 (2.5.4 available)
  shared_preferences_android 2.4.10 (2.4.21 available)
  shared_preferences_foundation 2.5.4 (2.5.6 available)
  source_span 1.10.1 (1.10.2 available)
  test_api 0.7.7 (0.7.10 available)
  vm_service 15.0.0 (15.0.2 available)
  watcher 1.1.1 (1.2.1 available)
Got dependencies!
24 packages have newer versions incompatible with dependency constraints.
Try `flutter pub outdated` for more information.
Resolving dependencies in `./example`...
Downloading packages...
Got dependencies in `./example`.
00:00 +0: loading /Users/benjaminschweizer/Desktop/stages_stack/packages/pro_image_editor/test/pro_image_editor_method_channel_test.dart                                                               00:01 +0: loading /Users/benjaminschweizer/Desktop/stages_stack/packages/pro_image_editor/test/pro_image_editor_method_channel_test.dart                                                               00:01 +0: /Users/benjaminschweizer/Desktop/stages_stack/packages/pro_image_editor/test/pro_image_editor_method_channel_test.dart: getSupportedEmojis                                                   00:01 +1: /Users/benjaminschweizer/Desktop/stages_stack/packages/pro_image_editor/test/pro_image_editor_method_channel_test.dart: getSupportedEmojis                                                   00:01 +1: loading /Users/benjaminschweizer/Desktop/stages_stack/packages/pro_image_editor/test/core/utils/image_converter_test.dart                                                                    00:01 +1: /Users/benjaminschweizer/Desktop/stages_stack/packages/pro_image_editor/test/core/utils/image_converter_test.dart: ... uiImageToImageBytes returns bytes and precaches if context is provided00:01 +1: /Users/benjaminschweizer/Desktop/stages_stack/packages/pro_image_editor/test/core/utils/image_converter_test.dart: ImageConverter uiImageToImageBytes returns bytes and precaches if context is provided
══╡ EXCEPTION CAUGHT BY IMAGE RESOURCE SERVICE ╞════════════════════════════════════════════════════
The following assertion was thrown image failed to precache:
Binding has not yet been initialized.
The "instance" getter on the PaintingBinding binding mixin is only available once that binding has
been initialized.
Typically, this is done by calling "WidgetsFlutterBinding.ensureInitialized()" or "runApp()" (the
latter calls the former). Typically this call is done in the "void main()" method. The
"ensureInitialized" method is idempotent; calling it multiple times is not harmful. After calling
that method, the "instance" getter will return the binding.
In a test, one can call "TestWidgetsFlutterBinding.ensureInitialized()" as the first line in the
test's "main()" method to initialize the binding.
If PaintingBinding is a custom binding mixin, there must also be a custom binding class, like
WidgetsFlutterBinding, but that mixes in the selected binding, and that is the class that must be
constructed before using the "instance" getter.

When the exception was thrown, this was the stack:
#0      BindingBase.checkInstance.<anonymous closure> (package:flutter/src/foundation/binding.dart:314:9)
#1      BindingBase.checkInstance (package:flutter/src/foundation/binding.dart:401:6)
#2      PaintingBinding.instance (package:flutter/src/painting/binding.dart:37:54)
#3      ImageProvider.resolveStreamForKey (package:flutter/src/painting/image_provider.dart:543:61)
#4      ImageProvider.resolve.<anonymous closure> (package:flutter/src/painting/image_provider.dart:383:9)
#5      ImageProvider._createErrorHandlerAndKey.<anonymous closure> (package:flutter/src/painting/image_provider.dart:499:28)
#6      SynchronousFuture.then (package:flutter/src/foundation/synchronous_future.dart:44:27)
#7      ImageProvider._createErrorHandlerAndKey (package:flutter/src/painting/image_provider.dart:496:10)
#8      ImageProvider.resolve (package:flutter/src/painting/image_provider.dart:380:5)
#9      precacheImage (package:flutter/src/widgets/image.dart:129:39)
#10     ImageConverter.uiImageToImageBytes (package:pro_image_editor/core/utils/image_converter.dart:116:13)
<asynchronous suspension>
#11     main.<anonymous closure>.<anonymous closure> (file:///Users/benjaminschweizer/Desktop/stages_stack/packages/pro_image_editor/test/core/utils/image_converter_test.dart:33:22)
<asynchronous suspension>
#12     Declarer.test.<anonymous closure>.<anonymous closure> (package:test_api/src/backend/declarer.dart:242:9)
<asynchronous suspension>
#13     Declarer.test.<anonymous closure> (package:test_api/src/backend/declarer.dart:240:7)
<asynchronous suspension>
#14     Invoker._waitForOutstandingCallbacks.<anonymous closure> (package:test_api/src/backend/invoker.dart:282:9)
<asynchronous suspension>
════════════════════════════════════════════════════════════════════════════════════════════════════
00:01 +2: /Users/benjaminschweizer/Desktop/stages_stack/packages/pro_image_editor/test/core/utils/size_utils_test.dart: getValidSizeOrDefault returns a when a is non-null and not empty               00:01 +3: /Users/benjaminschweizer/Desktop/stages_stack/packages/pro_image_editor/test/core/utils/image_converter_test.dart: ImageConverter uiImageToImageBytes returns bytes without context          00:01 +4: /Users/benjaminschweizer/Desktop/stages_stack/packages/pro_image_editor/test/core/utils/image_converter_test.dart: ImageConverter uiImageToImageBytes returns bytes without context          00:01 +5: /Users/benjaminschweizer/Desktop/stages_stack/packages/pro_image_editor/test/core/utils/image_converter_test.dart: ImageConverter uiImageToImageBytes returns bytes without context          00:01 +5: /Users/benjaminschweizer/Desktop/stages_stack/packages/pro_image_editor/test/core/utils/size_utils_test.dart: getValidSizeOrDefault returns b when a is empty and b is not empty             00:01 +6: /Users/benjaminschweizer/Desktop/stages_stack/packages/pro_image_editor/test/core/utils/size_utils_test.dart: getValidSizeOrDefault returns b when a is empty and b is not empty             00:01 +6: /Users/benjaminschweizer/Desktop/stages_stack/packages/pro_image_editor/test/core/utils/size_utils_test.dart: getValidSizeOrDefault returns Size(1,1) when both a is null and b is empty     00:01 +7: /Users/benjaminschweizer/Desktop/stages_stack/packages/pro_image_editor/test/core/utils/size_utils_test.dart: getValidSizeOrDefault returns Size(1,1) when both a is null and b is empty     00:01 +7: /Users/benjaminschweizer/Desktop/stages_stack/packages/pro_image_editor/test/core/utils/size_utils_test.dart: getValidSizeOrDefault returns Size(1,1) when a is empty and b is empty         00:01 +8: /Users/benjaminschweizer/Desktop/stages_stack/packages/pro_image_editor/test/core/utils/size_utils_test.dart: getValidSizeOrDefault returns Size(1,1) when a is empty and b is empty         00:01 +8: loading /Users/benjaminschweizer/Desktop/stages_stack/packages/pro_image_editor/test/core/models/layers/layer_test.dart                                                                      00:01 +8: /Users/benjaminschweizer/Desktop/stages_stack/packages/pro_image_editor/test/core/models/layers/layer_test.dart: Layer Default constructor initializes properties correctly                  00:01 +9: /Users/benjaminschweizer/Desktop/stages_stack/packages/pro_image_editor/test/core/models/layers/layer_test.dart: Layer Default constructor initializes properties correctly                  00:01 +9: /Users/benjaminschweizer/Desktop/stages_stack/packages/pro_image_editor/test/core/models/layers/layer_test.dart: Layer Factory constructor fromMap initializes properties correctly          00:01 +10: /Users/benjaminschweizer/Desktop/stages_stack/packages/pro_image_editor/test/core/models/layers/layer_test.dart: Layer Factory constructor fromMap initializes properties correctly         00:01 +10: /Users/benjaminschweizer/Desktop/stages_stack/packages/pro_image_editor/test/core/models/layers/layer_test.dart: Layer toMap converts Layer properties to a map                             00:01 +11: /Users/benjaminschweizer/Desktop/stages_stack/packages/pro_image_editor/test/core/models/layers/layer_test.dart: Layer toMap converts Layer properties to a map                             00:01 +11: /Users/benjaminschweizer/Desktop/stages_stack/packages/pro_image_editor/test/core/models/layers/layer_test.dart: Layer toMap/fromMap tests Base Layer                                       00:01 +12: /Users/benjaminschweizer/Desktop/stages_stack/packages/pro_image_editor/test/core/models/layers/layer_test.dart: Layer toMap/fromMap tests Base Layer                                       00:01 +12: /Users/benjaminschweizer/Desktop/stages_stack/packages/pro_image_editor/test/core/models/layers/layer_test.dart: Layer toMap/fromMap tests EmojiLayer                                       00:01 +13: /Users/benjaminschweizer/Desktop/stages_stack/packages/pro_image_editor/test/core/models/layers/layer_test.dart: Layer toMap/fromMap tests EmojiLayer                                       00:01 +13: /Users/benjaminschweizer/Desktop/stages_stack/packages/pro_image_editor/test/core/models/layers/layer_test.dart: Layer toMap/fromMap tests TextLayer                                        00:01 +14: /Users/benjaminschweizer/Desktop/stages_stack/packages/pro_image_editor/test/core/models/layers/layer_test.dart: Layer toMap/fromMap tests TextLayer                                        00:01 +14: /Users/benjaminschweizer/Desktop/stages_stack/packages/pro_image_editor/test/core/models/layers/layer_test.dart: Layer toMap/fromMap tests PaintLayer                                       00:01 +15: /Users/benjaminschweizer/Desktop/stages_stack/packages/pro_image_editor/test/core/models/layers/layer_test.dart: Layer toMap/fromMap tests PaintLayer                                       00:01 +15: /Users/benjaminschweizer/Desktop/stages_stack/packages/pro_image_editor/test/core/models/layers/layer_test.dart: Layer toMap/fromMap tests WidgetLayer                                      00:01 +16: /Users/benjaminschweizer/Desktop/stages_stack/packages/pro_image_editor/test/core/models/layers/emoji_layer_test.dart: ... should create an EmojiLayer instance with correct properties     00:01 +17: /Users/benjaminschweizer/Desktop/stages_stack/packages/pro_image_editor/test/core/models/layers/widget_layer_test.dart: WidgetLayer should create a WidgetLayer with default values         00:01 +18: /Users/benjaminschweizer/Desktop/stages_stack/packages/pro_image_editor/test/core/models/layers/emoji_layer_test.dart: ... convert EmojiLayer to map with meta and interaction properties   00:01 +19: /Users/benjaminschweizer/Desktop/stages_stack/packages/pro_image_editor/test/core/models/layers/emoji_layer_test.dart: ... convert EmojiLayer to map with meta and interaction properties   00:01 +20: /Users/benjaminschweizer/Desktop/stages_stack/packages/pro_image_editor/test/core/models/layers/emoji_layer_test.dart: ... convert EmojiLayer to map with meta and interaction properties   00:01 +20: /Users/benjaminschweizer/Desktop/stages_stack/packages/pro_image_editor/test/core/models/layers/widget_layer_test.dart: WidgetLayer should copy WidgetLayer with modified properties        00:01 +21: /Users/benjaminschweizer/Desktop/stages_stack/packages/pro_image_editor/test/core/models/layers/widget_layer_test.dart: WidgetLayer should copy WidgetLayer with modified properties        00:01 +22: /Users/benjaminschweizer/Desktop/stages_stack/packages/pro_image_editor/test/core/models/layers/widget_layer_test.dart: WidgetLayer should copy WidgetLayer with modified properties        00:01 +22: /Users/benjaminschweizer/Desktop/stages_stack/packages/pro_image_editor/test/core/models/layers/emoji_layer_test.dart: EmojiLayer should create EmojiLayer from map correctly               00:01 +23: /Users/benjaminschweizer/Desktop/stages_stack/packages/pro_image_editor/test/core/models/layers/emoji_layer_test.dart: EmojiLayer should create EmojiLayer from map correctly               00:01 +23: /Users/benjaminschweizer/Desktop/stages_stack/packages/pro_image_editor/test/core/models/layers/emoji_layer_test.dart: EmojiLayer should convert EmojiLayer to map from reference correctly 00:01 +24: /Users/benjaminschweizer/Desktop/stages_stack/packages/pro_image_editor/test/core/models/layers/emoji_layer_test.dart: EmojiLayer should convert EmojiLayer to map from reference correctly 00:02 +24: /Users/benjaminschweizer/Desktop/stages_stack/packages/pro_image_editor/test/core/models/layers/emoji_layer_test.dart: EmojiLayer should convert EmojiLayer to map from reference correctly 00:02 +24: loading /Users/benjaminschweizer/Desktop/stages_stack/packages/pro_image_editor/test/core/models/layers/paint_layer_test.dart                                                               00:02 +24: /Users/benjaminschweizer/Desktop/stages_stack/packages/pro_image_editor/test/core/models/layers/paint_layer_test.dart: PaintLayer should correctly calculate size with scaling              00:02 +25: /Users/benjaminschweizer/Desktop/stages_stack/packages/pro_image_editor/test/core/models/layers/text_layer_test.dart: TextLayer should create a TextLayer with default values               00:02 +26: /Users/benjaminschweizer/Desktop/stages_stack/packages/pro_image_editor/test/core/models/layers/text_layer_test.dart: TextLayer should create a TextLayer with default values               00:02 +27: /Users/benjaminschweizer/Desktop/stages_stack/packages/pro_image_editor/test/core/models/layers/paint_layer_test.dart: PaintLayer should correctly create from map                          00:02 +28: /Users/benjaminschweizer/Desktop/stages_stack/packages/pro_image_editor/test/core/models/layers/text_layer_test.dart: TextLayer should create a TextLayer from a map                        00:02 +29: /Users/benjaminschweizer/Desktop/stages_stack/packages/pro_image_editor/test/core/models/layers/text_layer_test.dart: TextLayer should create a TextLayer from a map                        00:02 +29: /Users/benjaminschweizer/Desktop/stages_stack/packages/pro_image_editor/test/core/models/layers/text_layer_test.dart: TextLayer should convert TextLayer to map                             00:02 +30: /Users/benjaminschweizer/Desktop/stages_stack/packages/pro_image_editor/test/core/models/layers/text_layer_test.dart: TextLayer should convert TextLayer to map                             00:03 +30: /Users/benjaminschweizer/Desktop/stages_stack/packages/pro_image_editor/test/core/models/layers/text_layer_test.dart: TextLayer should convert TextLayer to map                             00:03 +30: loading /Users/benjaminschweizer/Desktop/stages_stack/packages/pro_image_editor/test/features/tune_editor_test.dart                                                                         00:03 +30: /Users/benjaminschweizer/Desktop/stages_stack/packages/pro_image_editor/test/features/tune_editor_test.dart: TuneEditor Initialization creates TuneEditor using memory image                00:03 +31: /Users/benjaminschweizer/Desktop/stages_stack/packages/pro_image_editor/test/features/filter_editor_test.dart: FilterEditor Initialization creates FilterEditor using memory image          00:03 +32: /Users/benjaminschweizer/Desktop/stages_stack/packages/pro_image_editor/test/features/text_editor_test.dart: TextEditor Behavior should build without error                                 00:03 +33: /Users/benjaminschweizer/Desktop/stages_stack/packages/pro_image_editor/test/features/text_editor_test.dart: TextEditor Behavior should build without error                                 00:03 +34: /Users/benjaminschweizer/Desktop/stages_stack/packages/pro_image_editor/test/features/text_editor_test.dart: TextEditor Behavior should build without error                                 00:03 +35: /Users/benjaminschweizer/Desktop/stages_stack/packages/pro_image_editor/test/features/text_editor_test.dart: TextEditor Behavior should build without error                                 00:03 +36: /Users/benjaminschweizer/Desktop/stages_stack/packages/pro_image_editor/test/features/text_editor_test.dart: TextEditor Behavior should build without error                                 00:03 +37: /Users/benjaminschweizer/Desktop/stages_stack/packages/pro_image_editor/test/features/text_editor_test.dart: TextEditor Behavior should build without error                                 00:04 +37: /Users/benjaminschweizer/Desktop/stages_stack/packages/pro_image_editor/test/features/text_editor_test.dart: TextEditor Behavior should build without error                                 00:04 +38: /Users/benjaminschweizer/Desktop/stages_stack/packages/pro_image_editor/test/features/text_editor_test.dart: TextEditor Behavior should build without error                                 00:04 +39: /Users/benjaminschweizer/Desktop/stages_stack/packages/pro_image_editor/test/features/text_editor_test.dart: TextEditor Behavior should build without error                                 00:04 +40: /Users/benjaminschweizer/Desktop/stages_stack/packages/pro_image_editor/test/features/text_editor_test.dart: TextEditor Behavior should build without error                                 00:04 +41: /Users/benjaminschweizer/Desktop/stages_stack/packages/pro_image_editor/test/features/tune_editor_test.dart: ... TuneEditor using autoSource constructor Auto-detects from network image    00:04 +42: /Users/benjaminschweizer/Desktop/stages_stack/packages/pro_image_editor/test/features/main_editor_test.dart: MainEditor Initialization creates MainEditor using network image               00:04 +43: /Users/benjaminschweizer/Desktop/stages_stack/packages/pro_image_editor/test/features/filter_editor_test.dart: ... FilterEditor using autoSource constructor Auto-detects from memory image 00:04 +44: /Users/benjaminschweizer/Desktop/stages_stack/packages/pro_image_editor/test/features/text_editor_test.dart: TextEditor Behavior should set text correctly                                  00:04 +45: /Users/benjaminschweizer/Desktop/stages_stack/packages/pro_image_editor/test/features/text_editor_test.dart: TextEditor Behavior should set text correctly                                  00:04 +46: /Users/benjaminschweizer/Desktop/stages_stack/packages/pro_image_editor/test/features/text_editor_test.dart: TextEditor Behavior should set text correctly                                  00:04 +47: /Users/benjaminschweizer/Desktop/stages_stack/packages/pro_image_editor/test/features/filter_editor_test.dart: ... FilterEditor using autoSource constructor Auto-detects from network image00:04 +48: /Users/benjaminschweizer/Desktop/stages_stack/packages/pro_image_editor/test/features/filter_editor_test.dart: ... FilterEditor using autoSource constructor Auto-detects from network image00:04 +49: /Users/benjaminschweizer/Desktop/stages_stack/packages/pro_image_editor/test/features/main_editor_test.dart: MainEditor Initialization creates MainEditor using file path                   00:04 +50: /Users/benjaminschweizer/Desktop/stages_stack/packages/pro_image_editor/test/features/text_editor_test.dart: TextEditor Behavior should set text via textCtrl                               00:04 +51: /Users/benjaminschweizer/Desktop/stages_stack/packages/pro_image_editor/test/features/tune_editor_test.dart: TuneEditor Behavior undo and redo operations work correctly                    00:04 +52: /Users/benjaminschweizer/Desktop/stages_stack/packages/pro_image_editor/test/features/tune_editor_test.dart: TuneEditor Behavior undo and redo operations work correctly                    00:04 +53: /Users/benjaminschweizer/Desktop/stages_stack/packages/pro_image_editor/test/features/tune_editor_test.dart: TuneEditor Behavior undo and redo operations work correctly                    00:04 +54: /Users/benjaminschweizer/Desktop/stages_stack/packages/pro_image_editor/test/features/tune_editor_test.dart: TuneEditor Behavior undo and redo operations work correctly                    00:04 +55: /Users/benjaminschweizer/Desktop/stages_stack/packages/pro_image_editor/test/features/tune_editor_test.dart: TuneEditor Behavior undo and redo operations work correctly                    00:04 +56: /Users/benjaminschweizer/Desktop/stages_stack/packages/pro_image_editor/test/features/main_editor_test.dart: ... MainEditor using autoSource constructor Auto-detects from memory image     00:04 +57: /Users/benjaminschweizer/Desktop/stages_stack/packages/pro_image_editor/test/features/text_editor_test.dart: TextEditor Behavior should toggle backgroundMode via toggleBackgroundMode      00:04 +58: /Users/benjaminschweizer/Desktop/stages_stack/packages/pro_image_editor/test/features/filter_editor_test.dart: FilterEditor UI Components should have filter buttons                        00:04 +59: /Users/benjaminschweizer/Desktop/stages_stack/packages/pro_image_editor/test/features/main_editor_test.dart: ... MainEditor using autoSource constructor Auto-detects from network image    00:04 +60: /Users/benjaminschweizer/Desktop/stages_stack/packages/pro_image_editor/test/features/text_editor_test.dart: ... Behavior should open fontScaleBottomSheet via openFontScaleBottomSheet     00:04 +61: /Users/benjaminschweizer/Desktop/stages_stack/packages/pro_image_editor/test/features/text_editor_test.dart: ... Behavior should open fontScaleBottomSheet via openFontScaleBottomSheet     00:04 +62: /Users/benjaminschweizer/Desktop/stages_stack/packages/pro_image_editor/test/features/filter_editor_test.dart: FilterEditor Behavior should change filter factor                            00:04 +63: /Users/benjaminschweizer/Desktop/stages_stack/packages/pro_image_editor/test/features/filter_editor_test.dart: FilterEditor Behavior should change filter factor                            00:04 +64: /Users/benjaminschweizer/Desktop/stages_stack/packages/pro_image_editor/test/features/filter_editor_test.dart: FilterEditor Behavior should change filter factor                            00:04 +65: /Users/benjaminschweizer/Desktop/stages_stack/packages/pro_image_editor/test/features/main_editor_test.dart: MainEditor sub-editor launch tests Launches PaintEditor via button tap         00:04 +66: /Users/benjaminschweizer/Desktop/stages_stack/packages/pro_image_editor/test/features/main_editor_test.dart: MainEditor sub-editor launch tests Launches PaintEditor via button tap         00:04 +67: /Users/benjaminschweizer/Desktop/stages_stack/packages/pro_image_editor/test/features/main_editor_test.dart: MainEditor sub-editor launch tests Launches PaintEditor via button tap         00:05 +67: /Users/benjaminschweizer/Desktop/stages_stack/packages/pro_image_editor/test/features/main_editor_test.dart: MainEditor sub-editor launch tests Launches PaintEditor via button tap         00:05 +68: /Users/benjaminschweizer/Desktop/stages_stack/packages/pro_image_editor/test/features/main_editor_test.dart: MainEditor sub-editor launch tests Launches PaintEditor via button tap         00:05 +69: /Users/benjaminschweizer/Desktop/stages_stack/packages/pro_image_editor/test/features/filter_editor_test.dart: FilterEditor Behavior should persist opacity per filter when switching       00:05 +70: /Users/benjaminschweizer/Desktop/stages_stack/packages/pro_image_editor/test/features/main_editor_test.dart: MainEditor sub-editor launch tests Launches TextEditor via button tap          00:05 +71: /Users/benjaminschweizer/Desktop/stages_stack/packages/pro_image_editor/test/features/blur_editor_test.dart: BlurEditor Initialization creates BlurEditor using memory image                00:05 +72: /Users/benjaminschweizer/Desktop/stages_stack/packages/pro_image_editor/test/features/blur_editor_test.dart: BlurEditor Initialization creates BlurEditor using memory image                00:05 +73: /Users/benjaminschweizer/Desktop/stages_stack/packages/pro_image_editor/test/features/blur_editor_test.dart: BlurEditor Initialization creates BlurEditor using memory image                00:05 +74: /Users/benjaminschweizer/Desktop/stages_stack/packages/pro_image_editor/test/features/blur_editor_test.dart: BlurEditor Initialization creates BlurEditor using memory image                00:05 +75: /Users/benjaminschweizer/Desktop/stages_stack/packages/pro_image_editor/test/features/blur_editor_test.dart: BlurEditor Initialization creates BlurEditor using memory image                00:05 +76: /Users/benjaminschweizer/Desktop/stages_stack/packages/pro_image_editor/test/features/emoji_editor_test.dart: EmojiEditor Tests EmojiEditor should build without error                      00:05 +77: /Users/benjaminschweizer/Desktop/stages_stack/packages/pro_image_editor/test/features/emoji_editor_test.dart: EmojiEditor Tests EmojiEditor should build without error                      00:05 +78: /Users/benjaminschweizer/Desktop/stages_stack/packages/pro_image_editor/test/features/emoji_editor_test.dart: EmojiEditor Tests EmojiEditor should build without error                      00:05 +79: /Users/benjaminschweizer/Desktop/stages_stack/packages/pro_image_editor/test/features/emoji_editor_test.dart: EmojiEditor Tests EmojiEditor should build without error                      00:06 +79: /Users/benjaminschweizer/Desktop/stages_stack/packages/pro_image_editor/test/features/emoji_editor_test.dart: EmojiEditor Tests EmojiEditor should build without error                      00:06 +80: /Users/benjaminschweizer/Desktop/stages_stack/packages/pro_image_editor/test/features/emoji_editor_test.dart: EmojiEditor Tests EmojiEditor should build without error                      00:06 +81: /Users/benjaminschweizer/Desktop/stages_stack/packages/pro_image_editor/test/features/emoji_editor_test.dart: EmojiEditor Tests EmojiEditor should build without error                      00:06 +82: /Users/benjaminschweizer/Desktop/stages_stack/packages/pro_image_editor/test/features/emoji_editor_test.dart: EmojiEditor Tests EmojiEditor should build without error                      00:06 +83: /Users/benjaminschweizer/Desktop/stages_stack/packages/pro_image_editor/test/features/main_editor_test.dart: MainEditor Undo/Redo operations restore editor state correctly                 00:06 +84: /Users/benjaminschweizer/Desktop/stages_stack/packages/pro_image_editor/test/features/main_editor_test.dart: MainEditor Undo/Redo operations restore editor state correctly                 00:06 +85: /Users/benjaminschweizer/Desktop/stages_stack/packages/pro_image_editor/test/features/main_editor_test.dart: MainEditor Undo/Redo operations restore editor state correctly                 00:06 +86: /Users/benjaminschweizer/Desktop/stages_stack/packages/pro_image_editor/test/features/blur_editor_test.dart: BlurEditor Behavior updates blurFactor when slider is dragged                  00:06 +87: /Users/benjaminschweizer/Desktop/stages_stack/packages/pro_image_editor/test/features/main_editor_test.dart: ... tests with layout constraints StickerEditor opens with max width constraint00:06 +88: /Users/benjaminschweizer/Desktop/stages_stack/packages/pro_image_editor/test/features/main_editor_test.dart: ... tests with layout constraints StickerEditor opens with max width constraint00:06 +89: /Users/benjaminschweizer/Desktop/stages_stack/packages/pro_image_editor/test/features/main_editor_test.dart: ... tests with layout constraints StickerEditor opens with max width constraint00:06 +89: /Users/benjaminschweizer/Desktop/stages_stack/packages/pro_image_editor/test/features/main_editor_test.dart: ... tests with layout constraints EmojiEditor opens with max width constraint  00:06 +90: /Users/benjaminschweizer/Desktop/stages_stack/packages/pro_image_editor/test/features/main_editor_test.dart: ... tests with layout constraints EmojiEditor opens with max width constraint  00:06 +91: /Users/benjaminschweizer/Desktop/stages_stack/packages/pro_image_editor/test/features/main_editor_test.dart: ... tests with layout constraints EmojiEditor opens with max width constraint  00:06 +92: /Users/benjaminschweizer/Desktop/stages_stack/packages/pro_image_editor/test/features/main_editor_test.dart: ... tests with layout constraints EmojiEditor opens with max width constraint  00:06 +93: /Users/benjaminschweizer/Desktop/stages_stack/packages/pro_image_editor/test/features/main_editor_test.dart: ... tests with layout constraints EmojiEditor opens with max width constraint  00:06 +94: /Users/benjaminschweizer/Desktop/stages_stack/packages/pro_image_editor/test/features/main_editor_test.dart: ... tests with layout constraints EmojiEditor opens with max width constraint  00:06 +95: /Users/benjaminschweizer/Desktop/stages_stack/packages/pro_image_editor/test/features/main_editor_test.dart: ... tests with layout constraints EmojiEditor opens with max width constraint  00:06 +96: /Users/benjaminschweizer/Desktop/stages_stack/packages/pro_image_editor/test/features/crop_rotate_editor/models/transform_configs_test.dart: TransformConfigs == and hashCode               00:06 +97: /Users/benjaminschweizer/Desktop/stages_stack/packages/pro_image_editor/test/features/crop_rotate_editor/models/transform_configs_test.dart: TransformConfigs == and hashCode               00:06 +97: ... TransformConfigs getCropStartOffset returns correct offset                                                                                                                              00:06 +98: ... TransformConfigs getCropStartOffset returns correct offset                                                                                                                              00:06 +98: ... TransformConfigs getCropSize returns correct size                                                                                                                                       00:06 +99: ... TransformConfigs getCropSize returns correct size                                                                                                                                       00:06 +99: loading /Users/benjaminschweizer/Desktop/stages_stack/packages/pro_image_editor/test/features/crop_rotate_editor/widgets/crop_corner_painter_test.dart                                      00:06 +99: /Users/benjaminschweizer/Desktop/stages_stack/packages/pro_image_editor/test/features/crop_rotate_editor/widgets/crop_corner_painter_test.dart: ... Should repaint when properties change   00:06 +100: /Users/benjaminschweizer/Desktop/stages_stack/packages/pro_image_editor/test/features/crop_rotate_editor/crop_rotate_editor_test.dart: ... creates CropRotateEditor using memory image     00:07 +100: /Users/benjaminschweizer/Desktop/stages_stack/packages/pro_image_editor/test/features/crop_rotate_editor/crop_rotate_editor_test.dart: ... creates CropRotateEditor using memory image     00:07 +101: /Users/benjaminschweizer/Desktop/stages_stack/packages/pro_image_editor/test/features/crop_rotate_editor/crop_rotate_editor_test.dart: ... creates CropRotateEditor using memory image     00:07 +102: ... CropAspectRatioOptions Tests Initializes with correct aspect ratio                                                                                                                     00:07 +103: ... CropAspectRatioOptions Tests Initializes with correct aspect ratio                                                                                                                     00:07 +104: ... CropAspectRatioOptions Tests Initializes with correct aspect ratio                                                                                                                     00:07 +105: ... CropAspectRatioOptions Tests Initializes with correct aspect ratio                                                                                                                     00:07 +106: /Users/benjaminschweizer/Desktop/stages_stack/packages/pro_image_editor/test/features/paint_editor/utils/draw/draw_canvas_test.dart: ... should handle hit testing for different modes     00:07 +107: /Users/benjaminschweizer/Desktop/stages_stack/packages/pro_image_editor/test/features/paint_editor/utils/draw/draw_canvas_test.dart: ... should handle hit testing for different modes     00:07 +108: /Users/benjaminschweizer/Desktop/stages_stack/packages/pro_image_editor/test/features/paint_editor/utils/draw/draw_canvas_test.dart: ... should handle hit testing for different modes     00:07 +109: /Users/benjaminschweizer/Desktop/stages_stack/packages/pro_image_editor/test/features/paint_editor/utils/draw/draw_canvas_test.dart: ... should handle hit testing for different modes     00:07 +110: /Users/benjaminschweizer/Desktop/stages_stack/packages/pro_image_editor/test/features/paint_editor/utils/draw/draw_canvas_test.dart: ... should handle hit testing for different modes     00:07 +111: /Users/benjaminschweizer/Desktop/stages_stack/packages/pro_image_editor/test/features/paint_editor/painting_canvas_test.dart: ... gestures and updates paint-items with start/stop offsets 00:07 +112: /Users/benjaminschweizer/Desktop/stages_stack/packages/pro_image_editor/test/features/paint_editor/painting_canvas_test.dart: ... gestures and updates paint-items with start/stop offsets 00:08 +112: /Users/benjaminschweizer/Desktop/stages_stack/packages/pro_image_editor/test/features/paint_editor/painting_canvas_test.dart: ... gestures and updates paint-items with start/stop offsets 00:08 +113: /Users/benjaminschweizer/Desktop/stages_stack/packages/pro_image_editor/test/features/paint_editor/painting_canvas_test.dart: ... gestures and updates paint-items with start/stop offsets 00:08 +114: /Users/benjaminschweizer/Desktop/stages_stack/packages/pro_image_editor/test/features/crop_rotate_editor/crop_rotate_editor_test.dart: CropRotateEditor Tests handles zoom correctly       00:08 +115: /Users/benjaminschweizer/Desktop/stages_stack/packages/pro_image_editor/test/features/crop_rotate_editor/crop_rotate_editor_test.dart: CropRotateEditor Tests handles zoom correctly       00:08 +115: /Users/benjaminschweizer/Desktop/stages_stack/packages/pro_image_editor/test/features/crop_rotate_editor/crop_rotate_editor_test.dart: CropRotateEditor Tests handles zoom correctly       
══╡ EXCEPTION CAUGHT BY GESTURE ╞═══════════════════════════════════════════════════════════════════
The following assertion was thrown while handling a gesture:
'package:flutter/src/widgets/scroll_physics.dart': Failed assertion: line 712 pos 12:
'position.minScrollExtent <= position.maxScrollExtent': is not true.

When the exception was thrown, this was the stack:
#2      BouncingScrollPhysics.applyPhysicsToUserOffset (package:flutter/src/widgets/scroll_physics.dart:712:12)
#3      CropRotateEditorState._getPhysicsAppliedDelta (package:pro_image_editor/features/crop_rotate_editor/crop_rotate_editor.dart:2161:16)
#4      CropRotateEditorState._onScaleUpdate (package:pro_image_editor/features/crop_rotate_editor/crop_rotate_editor.dart:1873:20)
#5      ScaleGestureRecognizer._advanceStateMachine.<anonymous closure> (package:flutter/src/gestures/scale.dart:765:20)
#6      GestureRecognizer.invokeCallback (package:flutter/src/gestures/recognizer.dart:345:24)
#7      ScaleGestureRecognizer._advanceStateMachine (package:flutter/src/gestures/scale.dart:764:9)
#8      ScaleGestureRecognizer.handleEvent (package:flutter/src/gestures/scale.dart:592:7)
#9      PointerRouter._dispatch (package:flutter/src/gestures/pointer_router.dart:97:12)
#10     PointerRouter._dispatchEventToRoutes.<anonymous closure> (package:flutter/src/gestures/pointer_router.dart:142:9)
#11     _LinkedHashMapMixin.forEach (dart:_compact_hash:765:13)
#12     PointerRouter._dispatchEventToRoutes (package:flutter/src/gestures/pointer_router.dart:140:18)
#13     PointerRouter.route (package:flutter/src/gestures/pointer_router.dart:130:7)
#14     GestureBinding.handleEvent (package:flutter/src/gestures/binding.dart:528:19)
#15     GestureBinding.dispatchEvent (package:flutter/src/gestures/binding.dart:498:22)
#16     RendererBinding.dispatchEvent (package:flutter/src/rendering/binding.dart:473:11)
#17     GestureBinding._handlePointerEventImmediately (package:flutter/src/gestures/binding.dart:437:7)
#18     GestureBinding.handlePointerEvent (package:flutter/src/gestures/binding.dart:394:5)
#19     TestWidgetsFlutterBinding.handlePointerEventForSource.<anonymous closure> (package:flutter_test/src/binding.dart:678:42)
#20     TestWidgetsFlutterBinding.withPointerEventSource (package:flutter_test/src/binding.dart:688:11)
#21     TestWidgetsFlutterBinding.handlePointerEventForSource (package:flutter_test/src/binding.dart:678:5)
#22     WidgetTester.sendEventToBinding.<anonymous closure> (package:flutter_test/src/widget_tester.dart:869:15)
#25     TestAsyncUtils.guard (package:flutter_test/src/test_async_utils.dart:74:41)
#26     WidgetTester.sendEventToBinding (package:flutter_test/src/widget_tester.dart:868:27)
#27     TestGesture.moveTo.<anonymous closure> (package:flutter_test/src/test_pointer.dart:521:27)
#30     TestAsyncUtils.guard (package:flutter_test/src/test_async_utils.dart:74:41)
#31     TestGesture.moveTo (package:flutter_test/src/test_pointer.dart:519:27)
#32     TestGesture.moveBy (package:flutter_test/src/test_pointer.dart:503:14)
#33     main.<anonymous closure>.zoom (file:///Users/benjaminschweizer/Desktop/stages_stack/packages/pro_image_editor/test/features/crop_rotate_editor/crop_rotate_editor_test.dart:145:22)
<asynchronous suspension>
#34     main.<anonymous closure>.<anonymous closure> (file:///Users/benjaminschweizer/Desktop/stages_stack/packages/pro_image_editor/test/features/crop_rotate_editor/crop_rotate_editor_test.dart:178:7)
<asynchronous suspension>
#35     testWidgets.<anonymous closure>.<anonymous closure> (package:flutter_test/src/widget_tester.dart:192:15)
<asynchronous suspension>
#36     TestWidgetsFlutterBinding._runTestBody (package:flutter_test/src/binding.dart:1059:5)
<asynchronous suspension>
<asynchronous suspension>
(elided 7 frames from class _AssertionError, dart:async, and package:stack_trace)

Handler: "onUpdate"
Recognizer:
  ScaleGestureRecognizer#dedc8
════════════════════════════════════════════════════════════════════════════════════════════════════
══╡ EXCEPTION CAUGHT BY FLUTTER TEST FRAMEWORK ╞════════════════════════════════════════════════════
The following TestFailure was thrown running a test:
Expected: a value greater than <1>
  Actual: <1.0>
   Which: is not a value greater than <1>

When the exception was thrown, this was the stack:
#4      main.<anonymous closure>.zoom (file:///Users/benjaminschweizer/Desktop/stages_stack/packages/pro_image_editor/test/features/crop_rotate_editor/crop_rotate_editor_test.dart:152:7)
<asynchronous suspension>
#5      main.<anonymous closure>.<anonymous closure> (file:///Users/benjaminschweizer/Desktop/stages_stack/packages/pro_image_editor/test/features/crop_rotate_editor/crop_rotate_editor_test.dart:178:7)
<asynchronous suspension>
#6      testWidgets.<anonymous closure>.<anonymous closure> (package:flutter_test/src/widget_tester.dart:192:15)
<asynchronous suspension>
#7      TestWidgetsFlutterBinding._runTestBody (package:flutter_test/src/binding.dart:1059:5)
<asynchronous suspension>
<asynchronous suspension>
(elided one frame from package:stack_trace)

This was caught by the test expectation on the following line:
  file:///Users/benjaminschweizer/Desktop/stages_stack/packages/pro_image_editor/test/features/crop_rotate_editor/crop_rotate_editor_test.dart line 152
The test description was:
  handles zoom correctly
════════════════════════════════════════════════════════════════════════════════════════════════════
══╡ EXCEPTION CAUGHT BY FLUTTER TEST FRAMEWORK ╞════════════════════════════════════════════════════
The following message was thrown:
Multiple exceptions (2) were detected during the running of the current test, and at least one was
unexpected.
════════════════════════════════════════════════════════════════════════════════════════════════════
00:08 +115 -1: /Users/benjaminschweizer/Desktop/stages_stack/packages/pro_image_editor/test/features/crop_rotate_editor/crop_rotate_editor_test.dart: CropRotateEditor Tests handles zoom correctly [E]
  Test failed. See exception logs above.
  The test description was: handles zoom correctly
  

To run this test again: /Users/benjaminschweizer/Desktop/flutter/bin/cache/dart-sdk/bin/dart test /Users/benjaminschweizer/Desktop/stages_stack/packages/pro_image_editor/test/features/crop_rotate_editor/crop_rotate_editor_test.dart -p vm --plain-name 'CropRotateEditor Tests handles zoom correctly'
00:08 +115 -1: /Users/benjaminschweizer/Desktop/stages_stack/packages/pro_image_editor/test/features/crop_rotate_editor/crop_rotate_editor_test.dart: CropRotateEditor Tests handles reset correctly   
══╡ EXCEPTION CAUGHT BY GESTURE ╞═══════════════════════════════════════════════════════════════════
The following assertion was thrown while handling a gesture:
'package:flutter/src/widgets/scroll_physics.dart': Failed assertion: line 712 pos 12:
'position.minScrollExtent <= position.maxScrollExtent': is not true.

When the exception was thrown, this was the stack:
#2      BouncingScrollPhysics.applyPhysicsToUserOffset (package:flutter/src/widgets/scroll_physics.dart:712:12)
#3      CropRotateEditorState._getPhysicsAppliedDelta (package:pro_image_editor/features/crop_rotate_editor/crop_rotate_editor.dart:2161:16)
#4      CropRotateEditorState._onScaleUpdate (package:pro_image_editor/features/crop_rotate_editor/crop_rotate_editor.dart:1873:20)
#5      ScaleGestureRecognizer._advanceStateMachine.<anonymous closure> (package:flutter/src/gestures/scale.dart:765:20)
#6      GestureRecognizer.invokeCallback (package:flutter/src/gestures/recognizer.dart:345:24)
#7      ScaleGestureRecognizer._advanceStateMachine (package:flutter/src/gestures/scale.dart:764:9)
#8      ScaleGestureRecognizer.handleEvent (package:flutter/src/gestures/scale.dart:592:7)
#9      PointerRouter._dispatch (package:flutter/src/gestures/pointer_router.dart:97:12)
#10     PointerRouter._dispatchEventToRoutes.<anonymous closure> (package:flutter/src/gestures/pointer_router.dart:142:9)
#11     _LinkedHashMapMixin.forEach (dart:_compact_hash:765:13)
#12     PointerRouter._dispatchEventToRoutes (package:flutter/src/gestures/pointer_router.dart:140:18)
#13     PointerRouter.route (package:flutter/src/gestures/pointer_router.dart:130:7)
#14     GestureBinding.handleEvent (package:flutter/src/gestures/binding.dart:528:19)
#15     GestureBinding.dispatchEvent (package:flutter/src/gestures/binding.dart:498:22)
#16     RendererBinding.dispatchEvent (package:flutter/src/rendering/binding.dart:473:11)
#17     GestureBinding._handlePointerEventImmediately (package:flutter/src/gestures/binding.dart:437:7)
#18     GestureBinding.handlePointerEvent (package:flutter/src/gestures/binding.dart:394:5)
#19     TestWidgetsFlutterBinding.handlePointerEventForSource.<anonymous closure> (package:flutter_test/src/binding.dart:678:42)
#20     TestWidgetsFlutterBinding.withPointerEventSource (package:flutter_test/src/binding.dart:688:11)
#21     TestWidgetsFlutterBinding.handlePointerEventForSource (package:flutter_test/src/binding.dart:678:5)
#22     WidgetTester.sendEventToBinding.<anonymous closure> (package:flutter_test/src/widget_tester.dart:869:15)
#25     TestAsyncUtils.guard (package:flutter_test/src/test_async_utils.dart:74:41)
#26     WidgetTester.sendEventToBinding (package:flutter_test/src/widget_tester.dart:868:27)
#27     TestGesture.moveTo.<anonymous closure> (package:flutter_test/src/test_pointer.dart:521:27)
#30     TestAsyncUtils.guard (package:flutter_test/src/test_async_utils.dart:74:41)
#31     TestGesture.moveTo (package:flutter_test/src/test_pointer.dart:519:27)
#32     TestGesture.moveBy (package:flutter_test/src/test_pointer.dart:503:14)
#33     main.<anonymous closure>.zoom (file:///Users/benjaminschweizer/Desktop/stages_stack/packages/pro_image_editor/test/features/crop_rotate_editor/crop_rotate_editor_test.dart:145:22)
<asynchronous suspension>
#34     main.<anonymous closure>.<anonymous closure> (file:///Users/benjaminschweizer/Desktop/stages_stack/packages/pro_image_editor/test/features/crop_rotate_editor/crop_rotate_editor_test.dart:187:7)
<asynchronous suspension>
#35     testWidgets.<anonymous closure>.<anonymous closure> (package:flutter_test/src/widget_tester.dart:192:15)
<asynchronous suspension>
#36     TestWidgetsFlutterBinding._runTestBody (package:flutter_test/src/binding.dart:1059:5)
<asynchronous suspension>
<asynchronous suspension>
(elided 7 frames from class _AssertionError, dart:async, and package:stack_trace)

Handler: "onUpdate"
Recognizer:
  ScaleGestureRecognizer#29301
════════════════════════════════════════════════════════════════════════════════════════════════════
══╡ EXCEPTION CAUGHT BY FLUTTER TEST FRAMEWORK ╞════════════════════════════════════════════════════
The following TestFailure was thrown running a test:
Expected: a value greater than <1>
  Actual: <1.0>
   Which: is not a value greater than <1>

When the exception was thrown, this was the stack:
#4      main.<anonymous closure>.zoom (file:///Users/benjaminschweizer/Desktop/stages_stack/packages/pro_image_editor/test/features/crop_rotate_editor/crop_rotate_editor_test.dart:152:7)
<asynchronous suspension>
#5      main.<anonymous closure>.<anonymous closure> (file:///Users/benjaminschweizer/Desktop/stages_stack/packages/pro_image_editor/test/features/crop_rotate_editor/crop_rotate_editor_test.dart:187:7)
<asynchronous suspension>
#6      testWidgets.<anonymous closure>.<anonymous closure> (package:flutter_test/src/widget_tester.dart:192:15)
<asynchronous suspension>
#7      TestWidgetsFlutterBinding._runTestBody (package:flutter_test/src/binding.dart:1059:5)
<asynchronous suspension>
<asynchronous suspension>
(elided one frame from package:stack_trace)

This was caught by the test expectation on the following line:
  file:///Users/benjaminschweizer/Desktop/stages_stack/packages/pro_image_editor/test/features/crop_rotate_editor/crop_rotate_editor_test.dart line 152
The test description was:
  handles reset correctly
════════════════════════════════════════════════════════════════════════════════════════════════════
══╡ EXCEPTION CAUGHT BY FLUTTER TEST FRAMEWORK ╞════════════════════════════════════════════════════
The following message was thrown:
Multiple exceptions (2) were detected during the running of the current test, and at least one was
unexpected.
════════════════════════════════════════════════════════════════════════════════════════════════════
00:08 +115 -2: /Users/benjaminschweizer/Desktop/stages_stack/packages/pro_image_editor/test/features/crop_rotate_editor/crop_rotate_editor_test.dart: CropRotateEditor Tests handles reset correctly [E]
  Test failed. See exception logs above.
  The test description was: handles reset correctly
  

To run this test again: /Users/benjaminschweizer/Desktop/flutter/bin/cache/dart-sdk/bin/dart test /Users/benjaminschweizer/Desktop/stages_stack/packages/pro_image_editor/test/features/crop_rotate_editor/crop_rotate_editor_test.dart -p vm --plain-name 'CropRotateEditor Tests handles reset correctly'
00:08 +115 -2: /Users/benjaminschweizer/Desktop/stages_stack/packages/pro_image_editor/test/features/paint_editor/paint_editor_test.dart: ... Initialization creates PaintEditor using memory image    00:08 +116 -2: /Users/benjaminschweizer/Desktop/stages_stack/packages/pro_image_editor/test/features/paint_editor/paint_editor_test.dart: ... Initialization creates PaintEditor using memory image    00:08 +117 -2: /Users/benjaminschweizer/Desktop/stages_stack/packages/pro_image_editor/test/features/paint_editor/paint_editor_test.dart: ... Initialization creates PaintEditor using memory image    00:08 +118 -2: /Users/benjaminschweizer/Desktop/stages_stack/packages/pro_image_editor/test/features/paint_editor/paint_editor_test.dart: ... Initialization creates PaintEditor using memory image    00:08 +119 -2: /Users/benjaminschweizer/Desktop/stages_stack/packages/pro_image_editor/test/features/paint_editor/paint_editor_test.dart: ... Initialization creates PaintEditor using memory image    00:08 +120 -2: /Users/benjaminschweizer/Desktop/stages_stack/packages/pro_image_editor/test/features/paint_editor/widgets/paint_editor_layer_editor_test.dart: PaintEditorLayerEditor renders correctly00:08 +121 -2: /Users/benjaminschweizer/Desktop/stages_stack/packages/pro_image_editor/test/features/paint_editor/widgets/paint_editor_layer_editor_test.dart: PaintEditorLayerEditor renders correctly00:09 +121 -2: /Users/benjaminschweizer/Desktop/stages_stack/packages/pro_image_editor/test/features/paint_editor/widgets/paint_editor_layer_editor_test.dart: PaintEditorLayerEditor renders correctly00:09 +122 -2: /Users/benjaminschweizer/Desktop/stages_stack/packages/pro_image_editor/test/features/paint_editor/widgets/paint_editor_layer_editor_test.dart: PaintEditorLayerEditor renders correctly00:09 +123 -2: /Users/benjaminschweizer/Desktop/stages_stack/packages/pro_image_editor/test/features/paint_editor/widgets/paint_editor_layer_editor_test.dart: PaintEditorLayerEditor renders correctly00:09 +124 -2: /Users/benjaminschweizer/Desktop/stages_stack/packages/pro_image_editor/test/features/paint_editor/widgets/paint_editor_layer_editor_test.dart: PaintEditorLayerEditor renders correctly00:09 +125 -2: /Users/benjaminschweizer/Desktop/stages_stack/packages/pro_image_editor/test/features/paint_editor/widgets/paint_editor_layer_editor_test.dart: PaintEditorLayerEditor renders correctly00:09 +126 -2: /Users/benjaminschweizer/Desktop/stages_stack/packages/pro_image_editor/test/features/paint_editor/widgets/paint_editor_layer_editor_test.dart: PaintEditorLayerEditor renders correctly00:09 +127 -2: /Users/benjaminschweizer/Desktop/stages_stack/packages/pro_image_editor/test/features/paint_editor/widgets/paint_editor_layer_editor_test.dart: PaintEditorLayerEditor renders correctly00:09 +127 -2: /Users/benjaminschweizer/Desktop/stages_stack/packages/pro_image_editor/test/features/paint_editor/paint_editor_test.dart: ... using autoSource constructor Auto-detects from file image00:09 +128 -2: ... PaintEditorLayerEditor changes opacity on slider interaction                                                                                                                        00:09 +129 -2: ... PaintEditorLayerEditor changes opacity on slider interaction                                                                                                                        00:09 +130 -2: /Users/benjaminschweizer/Desktop/stages_stack/packages/pro_image_editor/test/features/paint_editor/paint_editor_test.dart: PaintEditor UI Components should render BarColorPicker       00:09 +131 -2: /Users/benjaminschweizer/Desktop/stages_stack/packages/pro_image_editor/test/features/paint_editor/paint_editor_test.dart: PaintEditor UI Components should render BarColorPicker       00:09 +132 -2: /Users/benjaminschweizer/Desktop/stages_stack/packages/pro_image_editor/test/features/paint_editor/widgets/paint_editor_layer_editor_test.dart: PaintEditorLayerEditor toggles fill mode00:09 +133 -2: /Users/benjaminschweizer/Desktop/stages_stack/packages/pro_image_editor/test/features/paint_editor/widgets/paint_editor_layer_editor_test.dart: PaintEditorLayerEditor toggles fill mode00:09 +134 -2: /Users/benjaminschweizer/Desktop/stages_stack/packages/pro_image_editor/test/features/paint_editor/widgets/paint_editor_layer_editor_test.dart: PaintEditorLayerEditor toggles fill mode00:09 +135 -2: /Users/benjaminschweizer/Desktop/stages_stack/packages/pro_image_editor/test/features/paint_editor/widgets/paint_editor_layer_editor_test.dart: PaintEditorLayerEditor toggles fill mode00:09 +136 -2: ... PaintEditor Sheets should open linWidthBottomSheet via openLinWidthBottomSheet                                                                                                      00:09 +137 -2: ... PaintEditor Sheets should open linWidthBottomSheet via openLinWidthBottomSheet                                                                                                      00:09 +138 -2: ... PaintEditor Sheets should open linWidthBottomSheet via openLinWidthBottomSheet                                                                                                      00:09 +139 -2: ... PaintEditor Sheets should open linWidthBottomSheet via openLinWidthBottomSheet                                                                                                      00:09 +140 -2: ... PaintEditor Sheets should open linWidthBottomSheet via openLinWidthBottomSheet                                                                                                      00:09 +141 -2: ... PaintEditor Sheets should open linWidthBottomSheet via openLinWidthBottomSheet                                                                                                      00:09 +142 -2: ... PaintEditor Sheets should open linWidthBottomSheet via openLinWidthBottomSheet                                                                                                      00:09 +143 -2: ... PaintEditor Sheets should open linWidthBottomSheet via openLinWidthBottomSheet                                                                                                      00:09 +144 -2: ... PaintEditor Sheets should open linWidthBottomSheet via openLinWidthBottomSheet                                                                                                      00:09 +145 -2: ... PaintEditor Sheets should open linWidthBottomSheet via openLinWidthBottomSheet                                                                                                      00:09 +146 -2: ... PaintEditor Sheets should open linWidthBottomSheet via openLinWidthBottomSheet                                                                                                      00:09 +147 -2: ... PaintEditor Sheets should open linWidthBottomSheet via openLinWidthBottomSheet                                                                                                      00:09 +148 -2: ... PaintEditor Sheets should open linWidthBottomSheet via openLinWidthBottomSheet                                                                                                      00:09 +149 -2: ... PaintEditor Sheets should open linWidthBottomSheet via openLinWidthBottomSheet                                                                                                      00:09 +150 -2: ... PaintEditor Sheets should open linWidthBottomSheet via openLinWidthBottomSheet                                                                                                      00:09 +151 -2: ... PaintEditor Sheets should open linWidthBottomSheet via openLinWidthBottomSheet                                                                                                      00:09 +152 -2: ... PaintEditor Sheets should open linWidthBottomSheet via openLinWidthBottomSheet                                                                                                      00:09 +152 -2: /Users/benjaminschweizer/Desktop/stages_stack/packages/pro_image_editor/test/features/paint_editor/paint_editor_test.dart: ... should open opacityBottomSheet via openOpacityBottomSheet00:09 +153 -2: /Users/benjaminschweizer/Desktop/stages_stack/packages/pro_image_editor/test/features/paint_editor/paint_editor_test.dart: ... should open opacityBottomSheet via openOpacityBottomSheet00:09 +153 -2: /Users/benjaminschweizer/Desktop/stages_stack/packages/pro_image_editor/test/features/paint_editor/paint_editor_test.dart: ... Line width bottom sheet has correct background color     00:09 +154 -2: /Users/benjaminschweizer/Desktop/stages_stack/packages/pro_image_editor/test/features/paint_editor/paint_editor_test.dart: ... Line width bottom sheet has correct background color     00:09 +154 -2: /Users/benjaminschweizer/Desktop/stages_stack/packages/pro_image_editor/test/features/paint_editor/paint_editor_test.dart: ... Sheets Opacity bottom sheet has correct background color 00:09 +155 -2: /Users/benjaminschweizer/Desktop/stages_stack/packages/pro_image_editor/test/features/paint_editor/paint_editor_test.dart: ... Sheets Opacity bottom sheet has correct background color 00:10 +155 -2: /Users/benjaminschweizer/Desktop/stages_stack/packages/pro_image_editor/test/features/paint_editor/paint_editor_test.dart: ... Sheets Opacity bottom sheet has correct background color 00:10 +155 -2: /Users/benjaminschweizer/Desktop/stages_stack/packages/pro_image_editor/test/features/paint_editor/paint_editor_test.dart: PaintEditor Sheets Line width bottom sheet has correct title 00:10 +156 -2: /Users/benjaminschweizer/Desktop/stages_stack/packages/pro_image_editor/test/features/paint_editor/paint_editor_test.dart: PaintEditor Sheets Line width bottom sheet has correct title 00:10 +156 -2: /Users/benjaminschweizer/Desktop/stages_stack/packages/pro_image_editor/test/features/paint_editor/paint_editor_test.dart: PaintEditor Sheets Opacity bottom sheet has correct title    00:10 +157 -2: /Users/benjaminschweizer/Desktop/stages_stack/packages/pro_image_editor/test/features/paint_editor/paint_editor_test.dart: PaintEditor Sheets Opacity bottom sheet has correct title    00:10 +157 -2: /Users/benjaminschweizer/Desktop/stages_stack/packages/pro_image_editor/test/features/paint_editor/paint_editor_test.dart: PaintEditor State Manipulation should change paint-mode      00:10 +158 -2: /Users/benjaminschweizer/Desktop/stages_stack/packages/pro_image_editor/test/features/paint_editor/paint_editor_test.dart: PaintEditor State Manipulation should change paint-mode      00:10 +158 -2: /Users/benjaminschweizer/Desktop/stages_stack/packages/pro_image_editor/test/features/paint_editor/paint_editor_test.dart: PaintEditor State Manipulation should change stroke width    00:10 +159 -2: /Users/benjaminschweizer/Desktop/stages_stack/packages/pro_image_editor/test/features/paint_editor/paint_editor_test.dart: PaintEditor State Manipulation should change stroke width    00:10 +159 -2: /Users/benjaminschweizer/Desktop/stages_stack/packages/pro_image_editor/test/features/paint_editor/paint_editor_test.dart: PaintEditor State Manipulation should toggle fill state      00:10 +160 -2: /Users/benjaminschweizer/Desktop/stages_stack/packages/pro_image_editor/test/features/paint_editor/paint_editor_test.dart: PaintEditor State Manipulation should toggle fill state      00:10 +160 -2: /Users/benjaminschweizer/Desktop/stages_stack/packages/pro_image_editor/test/features/paint_editor/paint_editor_test.dart: PaintEditor State Manipulation should set fill via setFill   00:10 +161 -2: /Users/benjaminschweizer/Desktop/stages_stack/packages/pro_image_editor/test/features/paint_editor/paint_editor_test.dart: PaintEditor State Manipulation should set fill via setFill   00:10 +161 -2: /Users/benjaminschweizer/Desktop/stages_stack/packages/pro_image_editor/test/features/paint_editor/paint_editor_test.dart: ... State Manipulation should set opacity via setOpacity     00:10 +162 -2: /Users/benjaminschweizer/Desktop/stages_stack/packages/pro_image_editor/test/features/paint_editor/paint_editor_test.dart: ... State Manipulation should set opacity via setOpacity     00:10 +162 -2: /Users/benjaminschweizer/Desktop/stages_stack/packages/pro_image_editor/test/features/paint_editor/paint_editor_test.dart: PaintEditor State Manipulation should add custom paintings   00:10 +163 -2: /Users/benjaminschweizer/Desktop/stages_stack/packages/pro_image_editor/test/features/paint_editor/paint_editor_test.dart: PaintEditor State Manipulation should add custom paintings   00:10 +163 -2: /Users/benjaminschweizer/Desktop/stages_stack/packages/pro_image_editor/test/features/paint_editor/paint_editor_test.dart: PaintEditor State Manipulation should undo the last action   00:10 +164 -2: /Users/benjaminschweizer/Desktop/stages_stack/packages/pro_image_editor/test/features/paint_editor/paint_editor_test.dart: PaintEditor State Manipulation should undo the last action   00:10 +164 -2: /Users/benjaminschweizer/Desktop/stages_stack/packages/pro_image_editor/test/features/paint_editor/paint_editor_test.dart: ... State Manipulation should redo the last undone action    00:10 +165 -2: /Users/benjaminschweizer/Desktop/stages_stack/packages/pro_image_editor/test/features/paint_editor/paint_editor_test.dart: ... State Manipulation should redo the last undone action    00:10 +165 -2: /Users/benjaminschweizer/Desktop/stages_stack/packages/pro_image_editor/test/features/paint_editor/paint_editor_test.dart: ... Manipulation should not redo if no actions were undone   00:10 +166 -2: /Users/benjaminschweizer/Desktop/stages_stack/packages/pro_image_editor/test/features/paint_editor/paint_editor_test.dart: ... Manipulation should not redo if no actions were undone   00:10 +166 -2: /Users/benjaminschweizer/Desktop/stages_stack/packages/pro_image_editor/test/features/paint_editor/paint_editor_test.dart: ... Manipulation should not undo if no actions were performed00:10 +167 -2: /Users/benjaminschweizer/Desktop/stages_stack/packages/pro_image_editor/test/features/paint_editor/paint_editor_test.dart: ... Manipulation should not undo if no actions were performed00:10 +167 -2: loading /Users/benjaminschweizer/Desktop/stages_stack/packages/pro_image_editor/test/shared/utils/parser/size_parser_test.dart                                                          00:10 +167 -2: /Users/benjaminschweizer/Desktop/stages_stack/packages/pro_image_editor/test/shared/utils/parser/size_parser_test.dart: safeParseSize parses valid width and height                     00:10 +168 -2: /Users/benjaminschweizer/Desktop/stages_stack/packages/pro_image_editor/test/shared/utils/parser/size_parser_test.dart: safeParseSize parses valid width and height                     00:10 +168 -2: /Users/benjaminschweizer/Desktop/stages_stack/packages/pro_image_editor/test/shared/utils/parser/size_parser_test.dart: safeParseSize returns fallback for null map                     00:10 +169 -2: /Users/benjaminschweizer/Desktop/stages_stack/packages/pro_image_editor/test/shared/utils/parser/size_parser_test.dart: safeParseSize returns fallback for null map                     00:10 +169 -2: /Users/benjaminschweizer/Desktop/stages_stack/packages/pro_image_editor/test/shared/utils/parser/size_parser_test.dart: safeParseSize returns Size.zero for null map if no fallback     00:10 +170 -2: /Users/benjaminschweizer/Desktop/stages_stack/packages/pro_image_editor/test/shared/utils/parser/size_parser_test.dart: safeParseSize returns Size.zero for null map if no fallback     00:10 +170 -2: /Users/benjaminschweizer/Desktop/stages_stack/packages/pro_image_editor/test/shared/utils/parser/size_parser_test.dart: safeParseSize parses width and height as strings                00:10 +171 -2: /Users/benjaminschweizer/Desktop/stages_stack/packages/pro_image_editor/test/shared/utils/parser/size_parser_test.dart: safeParseSize parses width and height as strings                00:10 +171 -2: /Users/benjaminschweizer/Desktop/stages_stack/packages/pro_image_editor/test/shared/utils/parser/size_parser_test.dart: safeParseSize uses fallback if width is invalid                 00:10 +172 -2: /Users/benjaminschweizer/Desktop/stages_stack/packages/pro_image_editor/test/shared/utils/parser/size_parser_test.dart: safeParseSize uses fallback if width is invalid                 00:10 +172 -2: /Users/benjaminschweizer/Desktop/stages_stack/packages/pro_image_editor/test/shared/utils/parser/size_parser_test.dart: safeParseSize uses fallback if height is invalid                00:10 +173 -2: /Users/benjaminschweizer/Desktop/stages_stack/packages/pro_image_editor/test/shared/utils/parser/size_parser_test.dart: safeParseSize uses fallback if height is invalid                00:10 +173 -2: /Users/benjaminschweizer/Desktop/stages_stack/packages/pro_image_editor/test/shared/utils/parser/size_parser_test.dart: safeParseSize uses fallback if both width and height are missing00:10 +174 -2: /Users/benjaminschweizer/Desktop/stages_stack/packages/pro_image_editor/test/shared/utils/parser/size_parser_test.dart: safeParseSize uses fallback if both width and height are missing00:10 +174 -2: /Users/benjaminschweizer/Desktop/stages_stack/packages/pro_image_editor/test/shared/utils/parser/size_parser_test.dart: safeParseSize parses using "w" and "h" keys                     00:10 +175 -2: /Users/benjaminschweizer/Desktop/stages_stack/packages/pro_image_editor/test/shared/utils/parser/size_parser_test.dart: safeParseSize parses using "w" and "h" keys                     00:10 +175 -2: /Users/benjaminschweizer/Desktop/stages_stack/packages/pro_image_editor/test/shared/utils/parser/size_parser_test.dart: safeParseSize uses fallback width if width is missing           00:10 +176 -2: /Users/benjaminschweizer/Desktop/stages_stack/packages/pro_image_editor/test/shared/utils/parser/int_parser_test.dart: safeParseInt parses valid int string                             00:10 +177 -2: /Users/benjaminschweizer/Desktop/stages_stack/packages/pro_image_editor/test/shared/utils/parser/int_parser_test.dart: safeParseInt parses valid int string                             00:10 +178 -2: /Users/benjaminschweizer/Desktop/stages_stack/packages/pro_image_editor/test/shared/utils/parser/int_parser_test.dart: safeParseInt parses valid int string                             00:10 +178 -2: /Users/benjaminschweizer/Desktop/stages_stack/packages/pro_image_editor/test/shared/utils/parser/int_parser_test.dart: safeParseInt returns fallback for null                           00:10 +179 -2: /Users/benjaminschweizer/Desktop/stages_stack/packages/pro_image_editor/test/shared/utils/parser/int_parser_test.dart: safeParseInt returns fallback for null                           00:10 +179 -2: /Users/benjaminschweizer/Desktop/stages_stack/packages/pro_image_editor/test/shared/utils/parser/int_parser_test.dart: safeParseInt returns fallback for invalid string                 00:10 +180 -2: /Users/benjaminschweizer/Desktop/stages_stack/packages/pro_image_editor/test/shared/utils/parser/int_parser_test.dart: safeParseInt returns fallback for invalid string                 00:10 +180 -2: /Users/benjaminschweizer/Desktop/stages_stack/packages/pro_image_editor/test/shared/utils/parser/int_parser_test.dart: safeParseInt returns int for int input                           00:10 +181 -2: /Users/benjaminschweizer/Desktop/stages_stack/packages/pro_image_editor/test/shared/utils/parser/int_parser_test.dart: safeParseInt returns int for int input                           00:10 +181 -2: /Users/benjaminschweizer/Desktop/stages_stack/packages/pro_image_editor/test/shared/utils/parser/int_parser_test.dart: safeParseInt parses double string by truncating                  00:10 +182 -2: /Users/benjaminschweizer/Desktop/stages_stack/packages/pro_image_editor/test/shared/utils/parser/int_parser_test.dart: safeParseInt parses double string by truncating                  00:10 +182 -2: /Users/benjaminschweizer/Desktop/stages_stack/packages/pro_image_editor/test/shared/utils/parser/int_parser_test.dart: safeParseInt parses double input by truncating                   00:10 +183 -2: /Users/benjaminschweizer/Desktop/stages_stack/packages/pro_image_editor/test/shared/utils/parser/int_parser_test.dart: safeParseInt parses double input by truncating                   00:10 +183 -2: /Users/benjaminschweizer/Desktop/stages_stack/packages/pro_image_editor/test/shared/utils/parser/int_parser_test.dart: safeParseInt returns fallback for completely invalid input       00:10 +184 -2: /Users/benjaminschweizer/Desktop/stages_stack/packages/pro_image_editor/test/shared/utils/parser/int_parser_test.dart: safeParseInt returns fallback for completely invalid input       00:10 +184 -2: /Users/benjaminschweizer/Desktop/stages_stack/packages/pro_image_editor/test/shared/utils/parser/int_parser_test.dart: tryParseInt parses valid int string                              00:10 +185 -2: /Users/benjaminschweizer/Desktop/stages_stack/packages/pro_image_editor/test/shared/utils/parser/int_parser_test.dart: tryParseInt parses valid int string                              00:10 +185 -2: /Users/benjaminschweizer/Desktop/stages_stack/packages/pro_image_editor/test/shared/utils/parser/int_parser_test.dart: tryParseInt returns null for null                                00:10 +186 -2: /Users/benjaminschweizer/Desktop/stages_stack/packages/pro_image_editor/test/shared/utils/parser/int_parser_test.dart: tryParseInt returns null for null                                00:10 +186 -2: /Users/benjaminschweizer/Desktop/stages_stack/packages/pro_image_editor/test/shared/utils/parser/int_parser_test.dart: tryParseInt returns null for invalid string                      00:10 +187 -2: /Users/benjaminschweizer/Desktop/stages_stack/packages/pro_image_editor/test/shared/utils/parser/int_parser_test.dart: tryParseInt returns null for invalid string                      00:10 +187 -2: /Users/benjaminschweizer/Desktop/stages_stack/packages/pro_image_editor/test/shared/utils/parser/int_parser_test.dart: tryParseInt returns int for int input                            00:10 +188 -2: /Users/benjaminschweizer/Desktop/stages_stack/packages/pro_image_editor/test/shared/utils/parser/int_parser_test.dart: tryParseInt returns int for int input                            00:10 +188 -2: /Users/benjaminschweizer/Desktop/stages_stack/packages/pro_image_editor/test/shared/utils/parser/int_parser_test.dart: tryParseInt returns null for double string                       00:10 +189 -2: /Users/benjaminschweizer/Desktop/stages_stack/packages/pro_image_editor/test/shared/utils/parser/int_parser_test.dart: tryParseInt returns null for double string                       00:10 +189 -2: /Users/benjaminschweizer/Desktop/stages_stack/packages/pro_image_editor/test/shared/utils/parser/int_parser_test.dart: tryParseInt returns null for double input                        00:10 +190 -2: /Users/benjaminschweizer/Desktop/stages_stack/packages/pro_image_editor/test/shared/utils/parser/int_parser_test.dart: tryParseInt returns null for double input                        00:10 +190 -2: /Users/benjaminschweizer/Desktop/stages_stack/packages/pro_image_editor/test/shared/utils/parser/int_parser_test.dart: tryParseInt returns null for non-number input                    00:10 +191 -2: /Users/benjaminschweizer/Desktop/stages_stack/packages/pro_image_editor/test/shared/utils/parser/int_parser_test.dart: tryParseInt returns null for non-number input                    00:11 +191 -2: /Users/benjaminschweizer/Desktop/stages_stack/packages/pro_image_editor/test/shared/utils/parser/int_parser_test.dart: tryParseInt returns null for non-number input                    00:11 +191 -2: loading /Users/benjaminschweizer/Desktop/stages_stack/packages/pro_image_editor/test/shared/utils/unique_id_generator_test.dart                                                         00:11 +191 -2: /Users/benjaminschweizer/Desktop/stages_stack/packages/pro_image_editor/test/shared/utils/unique_id_generator_test.dart: generateUniqueId should return a non-empty string              00:11 +192 -2: /Users/benjaminschweizer/Desktop/stages_stack/packages/pro_image_editor/test/shared/utils/unique_id_generator_test.dart: generateUniqueId should return a non-empty string              00:11 +192 -2: /Users/benjaminschweizer/Desktop/stages_stack/packages/pro_image_editor/test/shared/utils/unique_id_generator_test.dart: ... should return a string of expected length (timestamp + 20) 00:11 +193 -2: /Users/benjaminschweizer/Desktop/stages_stack/packages/pro_image_editor/test/shared/utils/unique_id_generator_test.dart: ... should return a string of expected length (timestamp + 20) 00:11 +193 -2: /Users/benjaminschweizer/Desktop/stages_stack/packages/pro_image_editor/test/shared/utils/unique_id_generator_test.dart: ... should generate unique values on multiple calls            00:11 +194 -2: /Users/benjaminschweizer/Desktop/stages_stack/packages/pro_image_editor/test/shared/utils/unique_id_generator_test.dart: ... should generate unique values on multiple calls            00:11 +194 -2: /Users/benjaminschweizer/Desktop/stages_stack/packages/pro_image_editor/test/shared/utils/unique_id_generator_test.dart: generateUniqueId should contain only allowed characters        00:11 +195 -2: /Users/benjaminschweizer/Desktop/stages_stack/packages/pro_image_editor/test/shared/utils/unique_id_generator_test.dart: generateUniqueId should contain only allowed characters        00:11 +195 -2: /Users/benjaminschweizer/Desktop/stages_stack/packages/pro_image_editor/test/shared/utils/unique_id_generator_test.dart: generateUniqueId timestamp part should be base36 and 8 chars   00:11 +196 -2: /Users/benjaminschweizer/Desktop/stages_stack/packages/pro_image_editor/test/shared/utils/unique_id_generator_test.dart: generateUniqueId timestamp part should be base36 and 8 chars   00:12 +196 -2: /Users/benjaminschweizer/Desktop/stages_stack/packages/pro_image_editor/test/shared/utils/unique_id_generator_test.dart: generateUniqueId timestamp part should be base36 and 8 chars   00:12 +196 -2: loading /Users/benjaminschweizer/Desktop/stages_stack/packages/pro_image_editor/test/shared/utils/debounce_test.dart                                                                    00:12 +196 -2: /Users/benjaminschweizer/Desktop/stages_stack/packages/pro_image_editor/test/shared/utils/debounce_test.dart: Debounce calls the callback after the specified delay                     00:12 +197 -2: /Users/benjaminschweizer/Desktop/stages_stack/packages/pro_image_editor/test/shared/utils/debounce_test.dart: Debounce calls the callback after the specified delay                     00:12 +198 -2: /Users/benjaminschweizer/Desktop/stages_stack/packages/pro_image_editor/test/shared/utils/debounce_test.dart: Debounce calls the callback after the specified delay                     00:12 +199 -2: /Users/benjaminschweizer/Desktop/stages_stack/packages/pro_image_editor/test/shared/utils/debounce_test.dart: Debounce calls the callback after the specified delay                     00:12 +200 -2: /Users/benjaminschweizer/Desktop/stages_stack/packages/pro_image_editor/test/shared/utils/debounce_test.dart: Debounce calls the callback after the specified delay                     00:12 +201 -2: /Users/benjaminschweizer/Desktop/stages_stack/packages/pro_image_editor/test/shared/utils/debounce_test.dart: Debounce calls the callback after the specified delay                     00:12 +202 -2: /Users/benjaminschweizer/Desktop/stages_stack/packages/pro_image_editor/test/shared/utils/debounce_test.dart: Debounce calls the callback after the specified delay                     00:12 +203 -2: /Users/benjaminschweizer/Desktop/stages_stack/packages/pro_image_editor/test/shared/utils/debounce_test.dart: Debounce calls the callback after the specified delay                     00:12 +204 -2: /Users/benjaminschweizer/Desktop/stages_stack/packages/pro_image_editor/test/shared/utils/debounce_test.dart: Debounce calls the callback after the specified delay                     00:12 +205 -2: /Users/benjaminschweizer/Desktop/stages_stack/packages/pro_image_editor/test/shared/utils/debounce_test.dart: Debounce calls the callback after the specified delay                     00:12 +206 -2: /Users/benjaminschweizer/Desktop/stages_stack/packages/pro_image_editor/test/shared/utils/debounce_test.dart: Debounce calls the callback after the specified delay                     00:12 +207 -2: /Users/benjaminschweizer/Desktop/stages_stack/packages/pro_image_editor/test/shared/utils/debounce_test.dart: Debounce calls the callback after the specified delay                     00:12 +208 -2: /Users/benjaminschweizer/Desktop/stages_stack/packages/pro_image_editor/test/shared/utils/debounce_test.dart: Debounce calls the callback after the specified delay                     00:12 +209 -2: /Users/benjaminschweizer/Desktop/stages_stack/packages/pro_image_editor/test/shared/utils/debounce_test.dart: Debounce calls the callback after the specified delay                     00:12 +210 -2: /Users/benjaminschweizer/Desktop/stages_stack/packages/pro_image_editor/test/shared/utils/debounce_test.dart: Debounce calls the callback after the specified delay                     00:12 +211 -2: /Users/benjaminschweizer/Desktop/stages_stack/packages/pro_image_editor/test/shared/utils/debounce_test.dart: Debounce calls the callback after the specified delay                     00:12 +212 -2: /Users/benjaminschweizer/Desktop/stages_stack/packages/pro_image_editor/test/shared/utils/debounce_test.dart: Debounce calls the callback after the specified delay                     00:12 +213 -2: /Users/benjaminschweizer/Desktop/stages_stack/packages/pro_image_editor/test/shared/utils/debounce_test.dart: Debounce calls the callback after the specified delay                     00:12 +214 -2: /Users/benjaminschweizer/Desktop/stages_stack/packages/pro_image_editor/test/shared/utils/debounce_test.dart: Debounce calls the callback after the specified delay                     00:12 +215 -2: /Users/benjaminschweizer/Desktop/stages_stack/packages/pro_image_editor/test/shared/utils/debounce_test.dart: Debounce calls the callback after the specified delay                     00:12 +216 -2: /Users/benjaminschweizer/Desktop/stages_stack/packages/pro_image_editor/test/shared/utils/debounce_test.dart: Debounce calls the callback after the specified delay                     00:12 +217 -2: /Users/benjaminschweizer/Desktop/stages_stack/packages/pro_image_editor/test/shared/utils/debounce_test.dart: Debounce calls the callback after the specified delay                     00:12 +218 -2: /Users/benjaminschweizer/Desktop/stages_stack/packages/pro_image_editor/test/shared/utils/debounce_test.dart: Debounce calls the callback after the specified delay                     00:12 +219 -2: /Users/benjaminschweizer/Desktop/stages_stack/packages/pro_image_editor/test/shared/utils/debounce_test.dart: Debounce calls the callback after the specified delay                     00:12 +220 -2: /Users/benjaminschweizer/Desktop/stages_stack/packages/pro_image_editor/test/shared/utils/debounce_test.dart: Debounce calls the callback after the specified delay                     00:12 +221 -2: /Users/benjaminschweizer/Desktop/stages_stack/packages/pro_image_editor/test/shared/utils/debounce_test.dart: Debounce calls the callback after the specified delay                     00:12 +222 -2: /Users/benjaminschweizer/Desktop/stages_stack/packages/pro_image_editor/test/shared/utils/debounce_test.dart: Debounce calls the callback after the specified delay                     00:12 +223 -2: /Users/benjaminschweizer/Desktop/stages_stack/packages/pro_image_editor/test/shared/utils/debounce_test.dart: Debounce calls the callback after the specified delay                     00:12 +224 -2: /Users/benjaminschweizer/Desktop/stages_stack/packages/pro_image_editor/test/shared/utils/debounce_test.dart: Debounce calls the callback after the specified delay                     00:12 +225 -2: /Users/benjaminschweizer/Desktop/stages_stack/packages/pro_image_editor/test/shared/utils/debounce_test.dart: Debounce calls the callback after the specified delay                     00:12 +226 -2: /Users/benjaminschweizer/Desktop/stages_stack/packages/pro_image_editor/test/shared/utils/debounce_test.dart: Debounce calls the callback after the specified delay                     00:12 +227 -2: /Users/benjaminschweizer/Desktop/stages_stack/packages/pro_image_editor/test/shared/utils/debounce_test.dart: Debounce calls the callback after the specified delay                     00:12 +228 -2: /Users/benjaminschweizer/Desktop/stages_stack/packages/pro_image_editor/test/shared/utils/debounce_test.dart: Debounce calls the callback after the specified delay                     00:12 +229 -2: /Users/benjaminschweizer/Desktop/stages_stack/packages/pro_image_editor/test/shared/utils/debounce_test.dart: Debounce calls the callback after the specified delay                     00:12 +230 -2: /Users/benjaminschweizer/Desktop/stages_stack/packages/pro_image_editor/test/shared/utils/debounce_test.dart: Debounce calls the callback after the specified delay                     00:12 +230 -2: /Users/benjaminschweizer/Desktop/stages_stack/packages/pro_image_editor/test/shared/utils/debounce_test.dart: Debounce resets timer if called again before delay                        00:12 +231 -2: /Users/benjaminschweizer/Desktop/stages_stack/packages/pro_image_editor/test/shared/utils/debounce_test.dart: Debounce resets timer if called again before delay                        00:12 +231 -2: /Users/benjaminschweizer/Desktop/stages_stack/packages/pro_image_editor/test/shared/utils/debounce_test.dart: Debounce cancel prevents callback from being called                       00:12 +232 -2: /Users/benjaminschweizer/Desktop/stages_stack/packages/pro_image_editor/test/shared/utils/debounce_test.dart: Debounce cancel prevents callback from being called                       00:12 +232 -2: /Users/benjaminschweizer/Desktop/stages_stack/packages/pro_image_editor/test/shared/utils/debounce_test.dart: Debounce dispose cancels the timer                                        00:12 +233 -2: /Users/benjaminschweizer/Desktop/stages_stack/packages/pro_image_editor/test/shared/utils/debounce_test.dart: Debounce dispose cancels the timer                                        00:12 +234 -2: /Users/benjaminschweizer/Desktop/stages_stack/packages/pro_image_editor/test/shared/utils/debounce_test.dart: Debounce dispose cancels the timer                                        00:12 +235 -2: /Users/benjaminschweizer/Desktop/stages_stack/packages/pro_image_editor/test/shared/utils/debounce_test.dart: Debounce dispose cancels the timer                                        00:12 +236 -2: /Users/benjaminschweizer/Desktop/stages_stack/packages/pro_image_editor/test/shared/utils/debounce_test.dart: Debounce dispose cancels the timer                                        00:12 +237 -2: /Users/benjaminschweizer/Desktop/stages_stack/packages/pro_image_editor/test/shared/utils/debounce_test.dart: Debounce dispose cancels the timer                                        00:12 +238 -2: /Users/benjaminschweizer/Desktop/stages_stack/packages/pro_image_editor/test/shared/utils/debounce_test.dart: Debounce dispose cancels the timer                                        00:12 +239 -2: /Users/benjaminschweizer/Desktop/stages_stack/packages/pro_image_editor/test/shared/utils/debounce_test.dart: Debounce dispose cancels the timer                                        00:12 +240 -2: /Users/benjaminschweizer/Desktop/stages_stack/packages/pro_image_editor/test/shared/utils/debounce_test.dart: Debounce dispose cancels the timer                                        00:12 +240 -2: /Users/benjaminschweizer/Desktop/stages_stack/packages/pro_image_editor/test/shared/utils/debounce_test.dart: Debounce multiple dispose calls are safe                                  00:12 +241 -2: /Users/benjaminschweizer/Desktop/stages_stack/packages/pro_image_editor/test/shared/utils/debounce_test.dart: Debounce multiple dispose calls are safe                                  00:13 +241 -2: loading /Users/benjaminschweizer/Desktop/stages_stack/packages/pro_image_editor/test/shared/extensions/int_extension_test.dart                                                          00:13 +241 -2: /Users/benjaminschweizer/Desktop/stages_stack/packages/pro_image_editor/test/shared/extensions/int_extension_test.dart: IntFormatter.toBytesString returns "0 B" for zero               00:13 +242 -2: /Users/benjaminschweizer/Desktop/stages_stack/packages/pro_image_editor/test/shared/extensions/int_extension_test.dart: IntFormatter.toBytesString returns "0 B" for zero               00:13 +242 -2: /Users/benjaminschweizer/Desktop/stages_stack/packages/pro_image_editor/test/shared/extensions/int_extension_test.dart: IntFormatter.toBytesString returns "0 B" for negative values    00:13 +243 -2: /Users/benjaminschweizer/Desktop/stages_stack/packages/pro_image_editor/test/shared/extensions/int_extension_test.dart: IntFormatter.toBytesString returns "0 B" for negative values    00:13 +243 -2: /Users/benjaminschweizer/Desktop/stages_stack/packages/pro_image_editor/test/shared/extensions/int_extension_test.dart: IntFormatter.toBytesString formats bytes correctly              00:13 +244 -2: /Users/benjaminschweizer/Desktop/stages_stack/packages/pro_image_editor/test/shared/extensions/box_constraints_extension_test.dart: ... toMap returns correct map for finite constraints00:13 +245 -2: /Users/benjaminschweizer/Desktop/stages_stack/packages/pro_image_editor/test/shared/extensions/box_constraints_extension_test.dart: ... toMap returns correct map for finite constraints00:13 +246 -2: /Users/benjaminschweizer/Desktop/stages_stack/packages/pro_image_editor/test/shared/extensions/box_constraints_extension_test.dart: ... toMap returns correct map for finite constraints00:13 +247 -2: /Users/benjaminschweizer/Desktop/stages_stack/packages/pro_image_editor/test/shared/extensions/box_constraints_extension_test.dart: ... toMap returns correct map for finite constraints00:13 +248 -2: /Users/benjaminschweizer/Desktop/stages_stack/packages/pro_image_editor/test/shared/extensions/box_constraints_extension_test.dart: ... toMap returns correct map for finite constraints00:13 +249 -2: /Users/benjaminschweizer/Desktop/stages_stack/packages/pro_image_editor/test/shared/extensions/box_constraints_extension_test.dart: ... toMap returns correct map for finite constraints00:13 +250 -2: /Users/benjaminschweizer/Desktop/stages_stack/packages/pro_image_editor/test/shared/extensions/box_constraints_extension_test.dart: ... toMap returns correct map for finite constraints00:13 +250 -2: /Users/benjaminschweizer/Desktop/stages_stack/packages/pro_image_editor/test/shared/extensions/box_constraints_extension_test.dart: ... returns correct map for unbounded constraints   00:13 +251 -2: /Users/benjaminschweizer/Desktop/stages_stack/packages/pro_image_editor/test/shared/extensions/box_constraints_extension_test.dart: ... returns correct map for unbounded constraints   00:13 +251 -2: /Users/benjaminschweizer/Desktop/stages_stack/packages/pro_image_editor/test/shared/extensions/box_constraints_extension_test.dart: ... toMap returns correct map for tight constraints 00:13 +252 -2: /Users/benjaminschweizer/Desktop/stages_stack/packages/pro_image_editor/test/shared/extensions/box_constraints_extension_test.dart: ... toMap returns correct map for tight constraints 00:13 +252 -2: /Users/benjaminschweizer/Desktop/stages_stack/packages/pro_image_editor/test/shared/extensions/box_constraints_extension_test.dart: ... toMap returns correct map for loose constraints 00:13 +253 -2: /Users/benjaminschweizer/Desktop/stages_stack/packages/pro_image_editor/test/shared/extensions/box_constraints_extension_test.dart: ... toMap returns correct map for loose constraints 00:13 +253 -2: loading /Users/benjaminschweizer/Desktop/stages_stack/packages/pro_image_editor/test/shared/factories/editor_mapper_test.dart                                                           00:13 +253 -2: ... EditorMapper.getEditorModeFromConfigs returns EditorMode.paint for PaintEditorInitConfigs                                                                                           00:13 +254 -2: /Users/benjaminschweizer/Desktop/stages_stack/packages/pro_image_editor/test/shared/extensions/double_extension_test.dart: ... returns lowerLimit when value is below lowerLimit        00:13 +255 -2: /Users/benjaminschweizer/Desktop/stages_stack/packages/pro_image_editor/test/shared/extensions/double_extension_test.dart: ... returns lowerLimit when value is below lowerLimit        00:13 +256 -2: /Users/benjaminschweizer/Desktop/stages_stack/packages/pro_image_editor/test/shared/extensions/double_extension_test.dart: ... returns lowerLimit when value is below lowerLimit        00:13 +257 -2: /Users/benjaminschweizer/Desktop/stages_stack/packages/pro_image_editor/test/shared/extensions/double_extension_test.dart: ... returns lowerLimit when value is below lowerLimit        00:13 +258 -2: ... EditorMapper.getEditorModeFromConfigs returns EditorMode.blur for BlurEditorInitConfigs                                                                                             00:13 +259 -2: /Users/benjaminschweizer/Desktop/stages_stack/packages/pro_image_editor/test/shared/extensions/double_extension_test.dart: ... returns upperLimit when value is above upperLimit        00:13 +260 -2: /Users/benjaminschweizer/Desktop/stages_stack/packages/pro_image_editor/test/shared/extensions/double_extension_test.dart: ... returns upperLimit when value is above upperLimit        00:13 +260 -2: /Users/benjaminschweizer/Desktop/stages_stack/packages/pro_image_editor/test/shared/extensions/double_extension_test.dart: DoubleExtension safeMinClamp returns value when within limits00:13 +261 -2: /Users/benjaminschweizer/Desktop/stages_stack/packages/pro_image_editor/test/shared/extensions/double_extension_test.dart: DoubleExtension safeMinClamp returns value when within limits00:13 +261 -2: /Users/benjaminschweizer/Desktop/stages_stack/packages/pro_image_editor/test/shared/extensions/double_extension_test.dart: ... safeMinClamp swaps limits if lowerLimit > upperLimit     00:13 +262 -2: /Users/benjaminschweizer/Desktop/stages_stack/packages/pro_image_editor/test/shared/extensions/double_extension_test.dart: ... safeMinClamp swaps limits if lowerLimit > upperLimit     00:13 +262 -2: /Users/benjaminschweizer/Desktop/stages_stack/packages/pro_image_editor/test/shared/extensions/double_extension_test.dart: ... safeMinClamp returns value when value equals lowerLimit  00:13 +263 -2: /Users/benjaminschweizer/Desktop/stages_stack/packages/pro_image_editor/test/shared/extensions/double_extension_test.dart: ... safeMinClamp returns value when value equals lowerLimit  00:13 +263 -2: /Users/benjaminschweizer/Desktop/stages_stack/packages/pro_image_editor/test/shared/extensions/double_extension_test.dart: ... safeMinClamp returns value when value equals upperLimit  00:13 +264 -2: /Users/benjaminschweizer/Desktop/stages_stack/packages/pro_image_editor/test/shared/extensions/double_extension_test.dart: ... safeMinClamp returns value when value equals upperLimit  00:13 +264 -2: /Users/benjaminschweizer/Desktop/stages_stack/packages/pro_image_editor/test/shared/extensions/double_extension_test.dart: ... returns upperLimit when value is above upperLimit        00:13 +265 -2: /Users/benjaminschweizer/Desktop/stages_stack/packages/pro_image_editor/test/shared/extensions/double_extension_test.dart: ... returns upperLimit when value is above upperLimit        00:13 +265 -2: /Users/benjaminschweizer/Desktop/stages_stack/packages/pro_image_editor/test/shared/extensions/double_extension_test.dart: ... returns lowerLimit when value is below lowerLimit        00:13 +266 -2: /Users/benjaminschweizer/Desktop/stages_stack/packages/pro_image_editor/test/shared/extensions/double_extension_test.dart: ... returns lowerLimit when value is below lowerLimit        00:13 +266 -2: /Users/benjaminschweizer/Desktop/stages_stack/packages/pro_image_editor/test/shared/extensions/double_extension_test.dart: DoubleExtension safeMaxClamp returns value when within limits00:13 +267 -2: /Users/benjaminschweizer/Desktop/stages_stack/packages/pro_image_editor/test/shared/extensions/double_extension_test.dart: DoubleExtension safeMaxClamp returns value when within limits00:13 +267 -2: /Users/benjaminschweizer/Desktop/stages_stack/packages/pro_image_editor/test/shared/extensions/double_extension_test.dart: ... safeMaxClamp swaps limits if upperLimit < lowerLimit     00:13 +268 -2: /Users/benjaminschweizer/Desktop/stages_stack/packages/pro_image_editor/test/shared/extensions/double_extension_test.dart: ... safeMaxClamp swaps limits if upperLimit < lowerLimit     00:13 +268 -2: /Users/benjaminschweizer/Desktop/stages_stack/packages/pro_image_editor/test/shared/extensions/double_extension_test.dart: ... safeMaxClamp returns value when value equals lowerLimit  00:13 +269 -2: /Users/benjaminschweizer/Desktop/stages_stack/packages/pro_image_editor/test/shared/extensions/double_extension_test.dart: ... safeMaxClamp returns value when value equals lowerLimit  00:13 +269 -2: /Users/benjaminschweizer/Desktop/stages_stack/packages/pro_image_editor/test/shared/extensions/double_extension_test.dart: ... safeMaxClamp returns value when value equals upperLimit  00:13 +270 -2: /Users/benjaminschweizer/Desktop/stages_stack/packages/pro_image_editor/test/shared/extensions/double_extension_test.dart: ... safeMaxClamp returns value when value equals upperLimit  00:13 +270 -2: loading /Users/benjaminschweizer/Desktop/stages_stack/packages/pro_image_editor/test/shared/styles/platform_text_styles_test.dart                                                       00:13 +270 -2: /Users/benjaminschweizer/Desktop/stages_stack/packages/pro_image_editor/test/shared/styles/platform_text_styles_test.dart: ... returns Cupertino text style for cupertino mode          00:13 +271 -2: /Users/benjaminschweizer/Desktop/stages_stack/packages/pro_image_editor/test/shared/styles/platform_text_styles_test.dart: ... returns Cupertino text style for cupertino mode          00:13 +271 -2: /Users/benjaminschweizer/Desktop/stages_stack/packages/pro_image_editor/test/shared/styles/platform_text_styles_test.dart: ... returns Material text style for material mode            00:13 +272 -2: /Users/benjaminschweizer/Desktop/stages_stack/packages/pro_image_editor/test/shared/styles/platform_text_styles_test.dart: ... returns Material text style for material mode            00:14 +272 -2: /Users/benjaminschweizer/Desktop/stages_stack/packages/pro_image_editor/test/shared/styles/platform_text_styles_test.dart: ... returns Material text style for material mode            00:14 +272 -2: loading /Users/benjaminschweizer/Desktop/stages_stack/packages/pro_image_editor/test/shared/factories/editor_factory_test.dart                                                          00:14 +272 -2: /Users/benjaminschweizer/Desktop/stages_stack/packages/pro_image_editor/test/shared/factories/editor_factory_test.dart: ... correct StandaloneEditorCallbacks for each EditorMode       00:14 +273 -2: /Users/benjaminschweizer/Desktop/stages_stack/packages/pro_image_editor/test/shared/factories/editor_factory_test.dart: ... correct StandaloneEditorCallbacks for each EditorMode       00:14 +273 -2: /Users/benjaminschweizer/Desktop/stages_stack/packages/pro_image_editor/test/shared/factories/editor_factory_test.dart: ... throws UnimplementedError for unsupported EditorMode        00:14 +274 -2: /Users/benjaminschweizer/Desktop/stages_stack/packages/pro_image_editor/test/shared/factories/editor_factory_test.dart: ... throws UnimplementedError for unsupported EditorMode        00:14 +274 -2: loading /Users/benjaminschweizer/Desktop/stages_stack/packages/pro_image_editor/test/shared/controllers/video_controller_test.dart                                                      00:14 +274 -2: /Users/benjaminschweizer/Desktop/stages_stack/packages/pro_image_editor/test/shared/controllers/video_controller_test.dart: ProVideoController initializes with correct values          00:14 +275 -2: /Users/benjaminschweizer/Desktop/stages_stack/packages/pro_image_editor/test/shared/controllers/video_controller_test.dart: ProVideoController initializes with correct values          00:14 +275 -2: /Users/benjaminschweizer/Desktop/stages_stack/packages/pro_image_editor/test/shared/controllers/video_controller_test.dart: ProVideoController thumbnails getter/setter works           00:14 +276 -2: /Users/benjaminschweizer/Desktop/stages_stack/packages/pro_image_editor/test/shared/controllers/video_controller_test.dart: ProVideoController thumbnails getter/setter works           00:14 +276 -2: /Users/benjaminschweizer/Desktop/stages_stack/packages/pro_image_editor/test/shared/controllers/video_controller_test.dart: ProVideoController togglePlayState toggles play and pause   00:14 +277 -2: /Users/benjaminschweizer/Desktop/stages_stack/packages/pro_image_editor/test/shared/controllers/video_controller_test.dart: ProVideoController togglePlayState toggles play and pause   00:14 +277 -2: /Users/benjaminschweizer/Desktop/stages_stack/packages/pro_image_editor/test/shared/controllers/video_controller_test.dart: ... play() sets isPlayingNotifier and calls onPlay          00:14 +278 -2: /Users/benjaminschweizer/Desktop/stages_stack/packages/pro_image_editor/test/shared/controllers/video_controller_test.dart: ... play() sets isPlayingNotifier and calls onPlay          00:14 +278 -2: /Users/benjaminschweizer/Desktop/stages_stack/packages/pro_image_editor/test/shared/controllers/video_controller_test.dart: ... pause() sets isPlayingNotifier and calls onPause        00:14 +279 -2: /Users/benjaminschweizer/Desktop/stages_stack/packages/pro_image_editor/test/shared/controllers/video_controller_test.dart: ... pause() sets isPlayingNotifier and calls onPause        00:14 +279 -2: /Users/benjaminschweizer/Desktop/stages_stack/packages/pro_image_editor/test/shared/controllers/video_controller_test.dart: ... updates isMutedNotifier and calls onMuteToggle          00:14 +280 -2: /Users/benjaminschweizer/Desktop/stages_stack/packages/pro_image_editor/test/shared/controllers/video_controller_test.dart: ... updates isMutedNotifier and calls onMuteToggle          00:14 +280 -2: ... ProVideoController setTrimSpan updates trimDurationSpanNotifier and calls onTrimSpanUpdate                                                                                          00:14 +281 -2: ... ProVideoController setTrimSpan updates trimDurationSpanNotifier and calls onTrimSpanUpdate                                                                                          00:14 +281 -2: /Users/benjaminschweizer/Desktop/stages_stack/packages/pro_image_editor/test/shared/controllers/video_controller_test.dart: ProVideoController setTrimStart updates only start          00:14 +282 -2: /Users/benjaminschweizer/Desktop/stages_stack/packages/pro_image_editor/test/shared/controllers/video_controller_test.dart: ProVideoController setTrimStart updates only start          00:14 +282 -2: /Users/benjaminschweizer/Desktop/stages_stack/packages/pro_image_editor/test/shared/controllers/video_controller_test.dart: ProVideoController setTrimEnd updates only end              00:14 +283 -2: /Users/benjaminschweizer/Desktop/stages_stack/packages/pro_image_editor/test/shared/controllers/video_controller_test.dart: ProVideoController setTrimEnd updates only end              00:14 +283 -2: /Users/benjaminschweizer/Desktop/stages_stack/packages/pro_image_editor/test/shared/controllers/video_controller_test.dart: ProVideoController setPlayTime updates playTimeNotifier     00:14 +284 -2: /Users/benjaminschweizer/Desktop/stages_stack/packages/pro_image_editor/test/shared/controllers/video_controller_test.dart: ProVideoController setPlayTime updates playTimeNotifier     00:14 +284 -2: /Users/benjaminschweizer/Desktop/stages_stack/packages/pro_image_editor/test/shared/controllers/video_controller_test.dart: ProVideoController showTrimTimeSpanNotifier can be toggled  00:14 +285 -2: /Users/benjaminschweizer/Desktop/stages_stack/packages/pro_image_editor/test/shared/controllers/video_controller_test.dart: ProVideoController showTrimTimeSpanNotifier can be toggled  00:14 +285 -2: loading /Users/benjaminschweizer/Desktop/stages_stack/packages/pro_image_editor/test/shared/services/import_export/export_state_history_test.dart                                       00:14 +285 -2: /Users/benjaminschweizer/Desktop/stages_stack/packages/pro_image_editor/test/shared/services/import_export/export_state_history_test.dart: ... toJson returns valid JSON string         00:14 +286 -2: /Users/benjaminschweizer/Desktop/stages_stack/packages/pro_image_editor/test/shared/services/import_export/export_state_history_test.dart: ... toJson returns valid JSON string         00:14 +286 -2: ... ExportStateHistory toMap returns correct structure                                                                                                                                  00:14 +287 -2: ... ExportStateHistory toMap returns correct structure                                                                                                                                  00:14 +287 -2: ... ExportStateHistory toMap respects ExportHistorySpan.current                                                                                                                         00:14 +288 -2: ... ExportStateHistory toMap respects ExportHistorySpan.current                                                                                                                         00:14 +288 -2: ... ExportStateHistory toMap respects ExportHistorySpan.all                                                                                                                             00:14 +289 -2: ... ExportStateHistory toMap respects ExportHistorySpan.all                                                                                                                             00:14 +289 -2: /Users/benjaminschweizer/Desktop/stages_stack/packages/pro_image_editor/test/shared/services/import_export/export_state_history_test.dart: ExportStateHistory toMap with minify enabled 00:14 +290 -2: /Users/benjaminschweizer/Desktop/stages_stack/packages/pro_image_editor/test/shared/services/import_export/export_state_history_test.dart: ExportStateHistory toMap with minify enabled 00:14 +290 -2: loading /Users/benjaminschweizer/Desktop/stages_stack/packages/pro_image_editor/test/shared/services/import_export/constants/minified_keys_test.dart                                    00:14 +290 -2: ... Map key-value validation No duplicate values in kMinifiedMainKeys                                                                                                                   00:14 +291 -2: ... Map key-value validation No duplicate values in kMinifiedMainKeys                                                                                                                   00:14 +291 -2: ... Map key-value validation No duplicate values in kMinifiedHistoryKeys                                                                                                                00:14 +292 -2: ... Map key-value validation No duplicate values in kMinifiedHistoryKeys                                                                                                                00:14 +292 -2: ... Map key-value validation No duplicate values in kMinifiedLayerKeys                                                                                                                  00:14 +293 -2: ... Map key-value validation No duplicate values in kMinifiedLayerKeys                                                                                                                  00:14 +293 -2: ... Map key-value validation No duplicate values in kMinifiedLayerInteractionKeys                                                                                                       00:14 +294 -2: ... Map key-value validation No duplicate values in kMinifiedLayerInteractionKeys                                                                                                       00:14 +294 -2: ... Map key-value validation No duplicate values in kMinifiedPaintKeys                                                                                                                  00:14 +295 -2: ... Map key-value validation No duplicate values in kMinifiedPaintKeys                                                                                                                  00:14 +295 -2: loading /Users/benjaminschweizer/Desktop/stages_stack/packages/pro_image_editor/test/shared/services/import_export/utils/key_minifier_test.dart                                         00:14 +295 -2: /Users/benjaminschweizer/Desktop/stages_stack/packages/pro_image_editor/test/shared/services/import_export/utils/key_minifier_test.dart: ... returns minified key when enabled          00:14 +296 -2: /Users/benjaminschweizer/Desktop/stages_stack/packages/pro_image_editor/test/shared/services/import_export/utils/key_minifier_test.dart: ... returns minified key when enabled          00:14 +296 -2: /Users/benjaminschweizer/Desktop/stages_stack/packages/pro_image_editor/test/shared/services/import_export/utils/key_minifier_test.dart: ... returns original key when disabled         00:14 +297 -2: /Users/benjaminschweizer/Desktop/stages_stack/packages/pro_image_editor/test/shared/services/import_export/utils/key_minifier_test.dart: ... returns original key when disabled         00:14 +297 -2: /Users/benjaminschweizer/Desktop/stages_stack/packages/pro_image_editor/test/shared/services/import_export/utils/key_minifier_test.dart: ... returns minified key when enabled          00:14 +298 -2: /Users/benjaminschweizer/Desktop/stages_stack/packages/pro_image_editor/test/shared/services/import_export/utils/key_minifier_test.dart: ... returns minified key when enabled          00:14 +298 -2: /Users/benjaminschweizer/Desktop/stages_stack/packages/pro_image_editor/test/shared/services/import_export/utils/key_minifier_test.dart: ... returns original key when disabled         00:14 +299 -2: /Users/benjaminschweizer/Desktop/stages_stack/packages/pro_image_editor/test/shared/services/import_export/utils/key_minifier_test.dart: ... returns original key when disabled         00:14 +299 -2: /Users/benjaminschweizer/Desktop/stages_stack/packages/pro_image_editor/test/shared/services/import_export/utils/key_minifier_test.dart: ... returns minified key when enabled          00:14 +300 -2: /Users/benjaminschweizer/Desktop/stages_stack/packages/pro_image_editor/test/shared/services/import_export/utils/key_minifier_test.dart: ... returns minified key when enabled          00:14 +300 -2: /Users/benjaminschweizer/Desktop/stages_stack/packages/pro_image_editor/test/shared/services/import_export/utils/key_minifier_test.dart: ... returns original key when disabled         00:14 +301 -2: /Users/benjaminschweizer/Desktop/stages_stack/packages/pro_image_editor/test/shared/services/import_export/utils/key_minifier_test.dart: ... returns original key when disabled         00:14 +301 -2: /Users/benjaminschweizer/Desktop/stages_stack/packages/pro_image_editor/test/shared/services/import_export/utils/key_minifier_test.dart: ... returns minified key when enabled          00:14 +302 -2: /Users/benjaminschweizer/Desktop/stages_stack/packages/pro_image_editor/test/shared/services/import_export/utils/key_minifier_test.dart: ... returns minified key when enabled          00:14 +302 -2: /Users/benjaminschweizer/Desktop/stages_stack/packages/pro_image_editor/test/shared/services/import_export/utils/key_minifier_test.dart: ... returns original key when disabled         00:14 +303 -2: /Users/benjaminschweizer/Desktop/stages_stack/packages/pro_image_editor/test/shared/services/import_export/utils/key_minifier_test.dart: ... returns original key when disabled         00:14 +303 -2: /Users/benjaminschweizer/Desktop/stages_stack/packages/pro_image_editor/test/shared/services/import_export/utils/key_minifier_test.dart: ... returns minified key when enabled          00:14 +304 -2: /Users/benjaminschweizer/Desktop/stages_stack/packages/pro_image_editor/test/shared/services/import_export/utils/key_minifier_test.dart: ... returns minified key when enabled          00:14 +304 -2: /Users/benjaminschweizer/Desktop/stages_stack/packages/pro_image_editor/test/shared/services/import_export/utils/key_minifier_test.dart: ... returns original key when disabled         00:14 +305 -2: /Users/benjaminschweizer/Desktop/stages_stack/packages/pro_image_editor/test/shared/services/import_export/utils/key_minifier_test.dart: ... returns original key when disabled         00:14 +305 -2: /Users/benjaminschweizer/Desktop/stages_stack/packages/pro_image_editor/test/shared/services/import_export/utils/key_minifier_test.dart: ... returns minified key when enabled          00:14 +306 -2: /Users/benjaminschweizer/Desktop/stages_stack/packages/pro_image_editor/test/shared/services/import_export/utils/key_minifier_test.dart: ... returns minified key when enabled          00:14 +306 -2: /Users/benjaminschweizer/Desktop/stages_stack/packages/pro_image_editor/test/shared/services/import_export/utils/key_minifier_test.dart: ... returns original key when disabled         00:14 +307 -2: /Users/benjaminschweizer/Desktop/stages_stack/packages/pro_image_editor/test/shared/services/import_export/utils/key_minifier_test.dart: ... returns original key when disabled         00:14 +307 -2: /Users/benjaminschweizer/Desktop/stages_stack/packages/pro_image_editor/test/shared/services/import_export/utils/key_minifier_test.dart: ... returns original when minify disabled      00:14 +308 -2: /Users/benjaminschweizer/Desktop/stages_stack/packages/pro_image_editor/test/shared/services/import_export/utils/key_minifier_test.dart: ... returns original when minify disabled      00:14 +308 -2: /Users/benjaminschweizer/Desktop/stages_stack/packages/pro_image_editor/test/shared/services/import_export/utils/key_minifier_test.dart: ... returns original when minify disabled      00:14 +309 -2: /Users/benjaminschweizer/Desktop/stages_stack/packages/pro_image_editor/test/shared/services/import_export/utils/key_minifier_test.dart: ... returns original when minify disabled      00:14 +309 -2: ... EditorKeyMinifier _generateAlphabeticalKey generates correct keys                                                                                                                   00:14 +310 -2: ... EditorKeyMinifier _generateAlphabeticalKey generates correct keys                                                                                                                   00:14 +310 -2: /Users/benjaminschweizer/Desktop/stages_stack/packages/pro_image_editor/test/shared/services/import_export/utils/key_minifier_test.dart: ... layer ids in history and references        00:14 +311 -2: /Users/benjaminschweizer/Desktop/stages_stack/packages/pro_image_editor/test/shared/services/import_export/utils/key_minifier_test.dart: ... layer ids in history and references        00:14 +311 -2: /Users/benjaminschweizer/Desktop/stages_stack/packages/pro_image_editor/test/shared/services/import_export/utils/key_minifier_test.dart: ... returns original when minify disabled      00:14 +312 -2: /Users/benjaminschweizer/Desktop/stages_stack/packages/pro_image_editor/test/shared/services/import_export/utils/key_minifier_test.dart: ... returns original when minify disabled      00:15 +312 -2: /Users/benjaminschweizer/Desktop/stages_stack/packages/pro_image_editor/test/shared/services/import_export/utils/key_minifier_test.dart: ... returns original when minify disabled      00:15 +312 -2: loading /Users/benjaminschweizer/Desktop/stages_stack/packages/pro_image_editor/test/shared/services/layer_transform_generator_test.dart                                                00:15 +312 -2: ... LayerTransformGenerator applies rotation transformation                                                                                                                             00:15 +313 -2: ... LayerTransformGenerator applies rotation transformation                                                                                                                             00:15 +313 -2: /Users/benjaminschweizer/Desktop/stages_stack/packages/pro_image_editor/test/shared/services/layer_transform_generator_test.dart: LayerTransformGenerator applies flipX transformation  00:15 +314 -2: /Users/benjaminschweizer/Desktop/stages_stack/packages/pro_image_editor/test/shared/services/layer_transform_generator_test.dart: LayerTransformGenerator applies flipX transformation  00:15 +314 -2: /Users/benjaminschweizer/Desktop/stages_stack/packages/pro_image_editor/test/shared/services/layer_transform_generator_test.dart: LayerTransformGenerator applies flipY transformation  00:15 +315 -2: /Users/benjaminschweizer/Desktop/stages_stack/packages/pro_image_editor/test/shared/services/layer_transform_generator_test.dart: LayerTransformGenerator applies flipY transformation  00:15 +315 -2: ... LayerTransformGenerator applies translation transformation                                                                                                                          00:15 +316 -2: ... LayerTransformGenerator applies translation transformation                                                                                                                          00:15 +316 -2: /Users/benjaminschweizer/Desktop/stages_stack/packages/pro_image_editor/test/shared/services/layer_transform_generator_test.dart: LayerTransformGenerator applies zoom transformation   00:15 +317 -2: /Users/benjaminschweizer/Desktop/stages_stack/packages/pro_image_editor/test/shared/services/layer_transform_generator_test.dart: LayerTransformGenerator applies zoom transformation   00:15 +317 -2: ... LayerTransformGenerator undoChanges reverses transformations                                                                                                                        00:15 +318 -2: ... LayerTransformGenerator undoChanges reverses transformations                                                                                                                        00:15 +318 -2: loading /Users/benjaminschweizer/Desktop/stages_stack/packages/pro_image_editor/test/shared/services/import_export/import_state_history_test.dart                                       00:15 +318 -2: ... ImportStateHistory fromJsonFile parses JSON and returns ImportStateHistory                                                                                                          00:15 +319 -2: /Users/benjaminschweizer/Desktop/stages_stack/packages/pro_image_editor/test/shared/services/import_export/import_export_test.dart: ... all layers correctly after export/import        00:15 +320 -2: /Users/benjaminschweizer/Desktop/stages_stack/packages/pro_image_editor/test/shared/services/import_export/import_export_test.dart: ... all layers correctly after export/import        00:15 +321 -2: /Users/benjaminschweizer/Desktop/stages_stack/packages/pro_image_editor/test/shared/services/import_export/import_export_test.dart: ... all layers correctly after export/import        00:15 +322 -2: /Users/benjaminschweizer/Desktop/stages_stack/packages/pro_image_editor/test/shared/services/import_export/import_export_test.dart: ... all layers correctly after export/import        00:15 +323 -2: /Users/benjaminschweizer/Desktop/stages_stack/packages/pro_image_editor/test/shared/services/import_export/import_export_test.dart: ... all layers correctly after export/import        00:15 +324 -2: /Users/benjaminschweizer/Desktop/stages_stack/packages/pro_image_editor/test/shared/services/import_export/import_export_test.dart: ... all layers correctly after export/import        00:15 +325 -2: /Users/benjaminschweizer/Desktop/stages_stack/packages/pro_image_editor/test/shared/services/import_export/import_export_test.dart: ... all layers correctly after export/import        00:15 +326 -2: /Users/benjaminschweizer/Desktop/stages_stack/packages/pro_image_editor/test/shared/services/import_export/import_export_test.dart: ... all layers correctly after export/import        00:15 +327 -2: /Users/benjaminschweizer/Desktop/stages_stack/packages/pro_image_editor/test/shared/services/import_export/import_export_test.dart: ... all layers correctly after export/import        00:15 +328 -2: /Users/benjaminschweizer/Desktop/stages_stack/packages/pro_image_editor/test/shared/services/import_export/import_export_test.dart: ... all layers correctly after export/import        00:15 +329 -2: /Users/benjaminschweizer/Desktop/stages_stack/packages/pro_image_editor/test/shared/widgets/color_picker/bar_color_picker_test.dart: BarColorPicker Tests Picks color on tap            00:16 +329 -2: /Users/benjaminschweizer/Desktop/stages_stack/packages/pro_image_editor/test/shared/widgets/color_picker/bar_color_picker_test.dart: BarColorPicker Tests Picks color on tap            00:16 +330 -2: /Users/benjaminschweizer/Desktop/stages_stack/packages/pro_image_editor/test/shared/widgets/color_picker/bar_color_picker_test.dart: BarColorPicker Tests Picks color on tap            00:16 +331 -2: /Users/benjaminschweizer/Desktop/stages_stack/packages/pro_image_editor/test/shared/widgets/color_picker/bar_color_picker_test.dart: BarColorPicker Tests Picks color on tap            00:16 +332 -2: /Users/benjaminschweizer/Desktop/stages_stack/packages/pro_image_editor/test/shared/widgets/color_picker/bar_color_picker_test.dart: BarColorPicker Tests Picks color on tap            00:16 +333 -2: /Users/benjaminschweizer/Desktop/stages_stack/packages/pro_image_editor/test/shared/widgets/color_picker/bar_color_picker_test.dart: BarColorPicker Tests Picks color on tap            00:16 +334 -2: /Users/benjaminschweizer/Desktop/stages_stack/packages/pro_image_editor/test/shared/widgets/color_picker/bar_color_picker_test.dart: BarColorPicker Tests Picks color on tap            00:16 +335 -2: /Users/benjaminschweizer/Desktop/stages_stack/packages/pro_image_editor/test/shared/widgets/color_picker/bar_color_picker_test.dart: BarColorPicker Tests Picks color on tap            00:16 +335 -2: /Users/benjaminschweizer/Desktop/stages_stack/packages/pro_image_editor/test/shared/widgets/color_picker/bar_color_picker_test.dart: BarColorPicker Tests Picks color on tap            

Warning: A call to tap() with finder "Found 1 widget with type "BarColorPicker": [
  BarColorPicker(state: _BarColorPickerState#01f8a(ticker inactive, pickMode: color, length: 200.0, color: Color(alpha: 1.0000, red: 1.0000, green: 0.0000, blue: 0.0000, colorSpace: ColorSpace.sRGB), thumbColor: Color(alpha: 1.0000, red: 0.0000, green: 0.0000, blue: 0.0000, colorSpace: ColorSpace.sRGB), thumbRadius: 6.0, cornerRadius: 0.0, borderWidth: 0.0, padding: EdgeInsets(10.0, 0.0, 5.0, 0.0), animationDuration: 0:00:00.200000, horizontal, thumb visible, percent: 25.0%, colors: [Color(alpha: 1.0000, red: 0.0000, green: 0.0000, blue: 0.0000, colorSpace: ColorSpace.sRGB), Color(alpha: 1.0000, red: 1.0000, green: 1.0000, blue: 1.0000, colorSpace: ColorSpace.sRGB), Color(alpha: 1.0000, red: 1.0000, green: 0.0000, blue: 0.0000, colorSpace: ColorSpace.sRGB), Color(alpha: 1.0000, red: 1.0000, green: 1.0000, blue: 0.0000, colorSpace: ColorSpace.sRGB), Color(alpha: 1.0000, red: 0.0000, green: 1.0000, blue: 0.0000, colorSpace: ColorSpace.sRGB), Color(alpha: 1.0000, red: 0.0000, green: 1.0000, blue: 1.0000, colorSpace: ColorSpace.sRGB), Color(alpha: 1.0000, red: 0.0000, green: 0.0000, blue: 1.0000, colorSpace: ColorSpace.sRGB), Color(alpha: 1.0000, red: 1.0000, green: 0.0000, blue: 1.0000, colorSpace: ColorSpace.sRGB), Color(alpha: 1.0000, red: 1.0000, green: 0.0000, blue: 0.0000, colorSpace: ColorSpace.sRGB)])),
]" derived an Offset (Offset(400.0, 300.0)) that would not hit test on the specified widget.
Maybe the widget is actually off-screen, or another widget is obscuring it, or the widget cannot receive pointer events.
The finder corresponds to this RenderBox: RenderTransform#e7b48
The hit test result at that offset is: HitTestResult(RenderPointerListener#7706e@Offset(400.0, 300.0), RenderSemanticsGestureHandler#fb0fd@Offset(400.0, 300.0), _RenderColoredBox#3e552@Offset(400.0, 300.0), RenderAnimatedOpacity#d07e8@Offset(400.0, 300.0), RenderIgnorePointer#f5ee9@Offset(400.0, 300.0), RenderAnimatedOpacity#bcd08@Offset(400.0, 300.0), RenderRepaintBoundary#03eb4@Offset(400.0, 300.0), RenderSemanticsAnnotations#848dd@Offset(400.0, 300.0), RenderOffstage#2ee74@Offset(400.0, 300.0), RenderSemanticsAnnotations#f4df9@Offset(400.0, 300.0), _RenderTheater#c7340@Offset(400.0, 300.0), RenderAbsorbPointer#b6f6f@Offset(400.0, 300.0), RenderPointerListener#730ec@Offset(400.0, 300.0), RenderSemanticsAnnotations#1d549@Offset(400.0, 300.0), RenderCustomPaint#4cfc7@Offset(400.0, 300.0), RenderSemanticsAnnotations#029b5@Offset(400.0, 300.0), RenderSemanticsAnnotations#0c499@Offset(400.0, 300.0), RenderTapRegionSurface#bdb65@Offset(400.0, 300.0), RenderSemanticsAnnotations#dce1b@Offset(400.0, 300.0), RenderSemanticsAnnotations#ef071@Offset(400.0, 300.0), RenderSemanticsAnnotations#5fe4b@Offset(400.0, 300.0), HitTestEntry<HitTestTarget>#51db6(_ReusableRenderView#0cf37), HitTestEntry<HitTestTarget>#d2497(<AutomatedTestWidgetsFlutterBinding>))
#0      WidgetController._getElementPoint (package:flutter_test/src/controller.dart:2081:25)
#1      WidgetController.getCenter (package:flutter_test/src/controller.dart:1865:12)
#2      WidgetController.tap (package:flutter_test/src/controller.dart:1045:7)
#3      main.<anonymous closure>.<anonymous closure> (file:///Users/benjaminschweizer/Desktop/stages_stack/packages/pro_image_editor/test/shared/widgets/color_picker/bar_color_picker_test.dart:27:20)
<asynchronous suspension>
#4      testWidgets.<anonymous closure>.<anonymous closure> (package:flutter_test/src/widget_tester.dart:192:15)
<asynchronous suspension>
#5      TestWidgetsFlutterBinding._runTestBody (package:flutter_test/src/binding.dart:1059:5)
<asynchronous suspension>
#6      StackZoneSpecification._registerCallback.<anonymous closure> (package:stack_trace/src/stack_zone_specification.dart:114:42)
<asynchronous suspension>
To silence this warning, pass "warnIfMissed: false" to "tap()".
To make this warning fatal, set WidgetController.hitTestWarningShouldBeFatal to true.

00:16 +336 -2: /Users/benjaminschweizer/Desktop/stages_stack/packages/pro_image_editor/test/shared/widgets/color_picker/bar_color_picker_test.dart: BarColorPicker Tests Picks color on tap            00:16 +336 -2: loading /Users/benjaminschweizer/Desktop/stages_stack/packages/pro_image_editor/test/shared/widgets/layer_widget_test.dart                                                              00:16 +336 -2: /Users/benjaminschweizer/Desktop/stages_stack/packages/pro_image_editor/test/shared/widgets/layer_widget_test.dart: LayerWidget test                                                    00:16 +337 -2: /Users/benjaminschweizer/Desktop/stages_stack/packages/pro_image_editor/test/shared/widgets/layer_widget_test.dart: LayerWidget test                                                    00:16 +338 -2: /Users/benjaminschweizer/Desktop/stages_stack/packages/pro_image_editor/test/shared/widgets/layer_widget_test.dart: LayerWidget test                                                    00:16 +339 -2: /Users/benjaminschweizer/Desktop/stages_stack/packages/pro_image_editor/test/shared/widgets/layer_widget_test.dart: LayerWidget test                                                    00:16 +340 -2: /Users/benjaminschweizer/Desktop/stages_stack/packages/pro_image_editor/test/shared/widgets/layer_widget_test.dart: LayerWidget test                                                    00:16 +341 -2: /Users/benjaminschweizer/Desktop/stages_stack/packages/pro_image_editor/test/models/editor_image_test.dart: EditorImage safeByteArray should return the correct data                    00:16 +342 -2: /Users/benjaminschweizer/Desktop/stages_stack/packages/pro_image_editor/test/models/editor_image_test.dart: EditorImage safeByteArray should return the correct data                    00:16 +342 -2: Some tests failed.                                                                                                                                                                      
